TAP version 13
# Subtest: city route 78b13c06a5df7914fbbb4eb404bec6489b7376cb case 0: (290,590) -> (290,590)
ok 1 - city route 78b13c06a5df7914fbbb4eb404bec6489b7376cb case 0: (290,590) -> (290,590)
  ---
  duration_ms: 1.388125
  type: 'test'
  ...
# Subtest: city route 78b13c06a5df7914fbbb4eb404bec6489b7376cb case 1: (290,590) -> (490,650)
ok 2 - city route 78b13c06a5df7914fbbb4eb404bec6489b7376cb case 1: (290,590) -> (490,650)
  ---
  duration_ms: 0.3425
  type: 'test'
  ...
# Subtest: city route 78b13c06a5df7914fbbb4eb404bec6489b7376cb case 2: (290,590) -> (730,930)
ok 3 - city route 78b13c06a5df7914fbbb4eb404bec6489b7376cb case 2: (290,590) -> (730,930)
  ---
  duration_ms: 65.156875
  type: 'test'
  ...
# Subtest: city route 78b13c06a5df7914fbbb4eb404bec6489b7376cb case 3: (290,590) -> (1230,170)
ok 4 - city route 78b13c06a5df7914fbbb4eb404bec6489b7376cb case 3: (290,590) -> (1230,170)
  ---
  duration_ms: 61.342167
  type: 'test'
  ...
# Subtest: city route 78b13c06a5df7914fbbb4eb404bec6489b7376cb case 4: (290,590) -> (930,1010)
ok 5 - city route 78b13c06a5df7914fbbb4eb404bec6489b7376cb case 4: (290,590) -> (930,1010)
  ---
  duration_ms: 59.191833
  type: 'test'
  ...
# Subtest: city route 78b13c06a5df7914fbbb4eb404bec6489b7376cb case 5: (290,590) -> (1240,1040)
ok 6 - city route 78b13c06a5df7914fbbb4eb404bec6489b7376cb case 5: (290,590) -> (1240,1040)
  ---
  duration_ms: 73.223292
  type: 'test'
  ...
# Subtest: city route 78b13c06a5df7914fbbb4eb404bec6489b7376cb case 6: (290,590) -> (1490,910)
ok 7 - city route 78b13c06a5df7914fbbb4eb404bec6489b7376cb case 6: (290,590) -> (1490,910)
  ---
  duration_ms: 87.094
  type: 'test'
  ...
# Subtest: city route 78b13c06a5df7914fbbb4eb404bec6489b7376cb case 7: (490,650) -> (290,590)
ok 8 - city route 78b13c06a5df7914fbbb4eb404bec6489b7376cb case 7: (490,650) -> (290,590)
  ---
  duration_ms: 0.102417
  type: 'test'
  ...
# Subtest: city route 78b13c06a5df7914fbbb4eb404bec6489b7376cb case 8: (490,650) -> (490,650)
ok 9 - city route 78b13c06a5df7914fbbb4eb404bec6489b7376cb case 8: (490,650) -> (490,650)
  ---
  duration_ms: 0.264083
  type: 'test'
  ...
# Subtest: city route 78b13c06a5df7914fbbb4eb404bec6489b7376cb case 9: (490,650) -> (730,930)
ok 10 - city route 78b13c06a5df7914fbbb4eb404bec6489b7376cb case 9: (490,650) -> (730,930)
  ---
  duration_ms: 68.352708
  type: 'test'
  ...
# Subtest: city route 78b13c06a5df7914fbbb4eb404bec6489b7376cb case 10: (490,650) -> (1230,170)
ok 11 - city route 78b13c06a5df7914fbbb4eb404bec6489b7376cb case 10: (490,650) -> (1230,170)
  ---
  duration_ms: 72.543667
  type: 'test'
  ...
# Subtest: city route 78b13c06a5df7914fbbb4eb404bec6489b7376cb case 11: (490,650) -> (930,1010)
ok 12 - city route 78b13c06a5df7914fbbb4eb404bec6489b7376cb case 11: (490,650) -> (930,1010)
  ---
  duration_ms: 69.660333
  type: 'test'
  ...
# Subtest: city route 78b13c06a5df7914fbbb4eb404bec6489b7376cb case 12: (490,650) -> (1240,1040)
ok 13 - city route 78b13c06a5df7914fbbb4eb404bec6489b7376cb case 12: (490,650) -> (1240,1040)
  ---
  duration_ms: 83.308875
  type: 'test'
  ...
# Subtest: city route 78b13c06a5df7914fbbb4eb404bec6489b7376cb case 13: (490,650) -> (1490,910)
ok 14 - city route 78b13c06a5df7914fbbb4eb404bec6489b7376cb case 13: (490,650) -> (1490,910)
  ---
  duration_ms: 94.578667
  type: 'test'
  ...
# Subtest: city route 78b13c06a5df7914fbbb4eb404bec6489b7376cb case 14: (730,930) -> (290,590)
ok 15 - city route 78b13c06a5df7914fbbb4eb404bec6489b7376cb case 14: (730,930) -> (290,590)
  ---
  duration_ms: 52.117416
  type: 'test'
  ...
# Subtest: city route 78b13c06a5df7914fbbb4eb404bec6489b7376cb case 15: (730,930) -> (490,650)
ok 16 - city route 78b13c06a5df7914fbbb4eb404bec6489b7376cb case 15: (730,930) -> (490,650)
  ---
  duration_ms: 51.295542
  type: 'test'
  ...
# Subtest: city route 78b13c06a5df7914fbbb4eb404bec6489b7376cb case 16: (730,930) -> (730,930)
ok 17 - city route 78b13c06a5df7914fbbb4eb404bec6489b7376cb case 16: (730,930) -> (730,930)
  ---
  duration_ms: 0.03875
  type: 'test'
  ...
# Subtest: city route 78b13c06a5df7914fbbb4eb404bec6489b7376cb case 17: (730,930) -> (1230,170)
ok 18 - city route 78b13c06a5df7914fbbb4eb404bec6489b7376cb case 17: (730,930) -> (1230,170)
  ---
  duration_ms: 66.199958
  type: 'test'
  ...
# Subtest: city route 78b13c06a5df7914fbbb4eb404bec6489b7376cb case 18: (730,930) -> (930,1010)
ok 19 - city route 78b13c06a5df7914fbbb4eb404bec6489b7376cb case 18: (730,930) -> (930,1010)
  ---
  duration_ms: 0.078333
  type: 'test'
  ...
# Subtest: city route 78b13c06a5df7914fbbb4eb404bec6489b7376cb case 19: (730,930) -> (1240,1040)
ok 20 - city route 78b13c06a5df7914fbbb4eb404bec6489b7376cb case 19: (730,930) -> (1240,1040)
  ---
  duration_ms: 57.300833
  type: 'test'
  ...
# Subtest: city route 78b13c06a5df7914fbbb4eb404bec6489b7376cb case 20: (730,930) -> (1490,910)
ok 21 - city route 78b13c06a5df7914fbbb4eb404bec6489b7376cb case 20: (730,930) -> (1490,910)
  ---
  duration_ms: 61.624916
  type: 'test'
  ...
# Subtest: city route 78b13c06a5df7914fbbb4eb404bec6489b7376cb case 21: (1230,170) -> (290,590)
ok 22 - city route 78b13c06a5df7914fbbb4eb404bec6489b7376cb case 21: (1230,170) -> (290,590)
  ---
  duration_ms: 60.819541
  type: 'test'
  ...
# Subtest: city route 78b13c06a5df7914fbbb4eb404bec6489b7376cb case 22: (1230,170) -> (490,650)
ok 23 - city route 78b13c06a5df7914fbbb4eb404bec6489b7376cb case 22: (1230,170) -> (490,650)
  ---
  duration_ms: 52.294208
  type: 'test'
  ...
# Subtest: city route 78b13c06a5df7914fbbb4eb404bec6489b7376cb case 23: (1230,170) -> (730,930)
ok 24 - city route 78b13c06a5df7914fbbb4eb404bec6489b7376cb case 23: (1230,170) -> (730,930)
  ---
  duration_ms: 62.681958
  type: 'test'
  ...
# Subtest: city route 78b13c06a5df7914fbbb4eb404bec6489b7376cb case 24: (1230,170) -> (1230,170)
ok 25 - city route 78b13c06a5df7914fbbb4eb404bec6489b7376cb case 24: (1230,170) -> (1230,170)
  ---
  duration_ms: 0.042167
  type: 'test'
  ...
# Subtest: city route 78b13c06a5df7914fbbb4eb404bec6489b7376cb case 25: (1230,170) -> (930,1010)
ok 26 - city route 78b13c06a5df7914fbbb4eb404bec6489b7376cb case 25: (1230,170) -> (930,1010)
  ---
  duration_ms: 62.593584
  type: 'test'
  ...
# Subtest: city route 78b13c06a5df7914fbbb4eb404bec6489b7376cb case 26: (1230,170) -> (1240,1040)
ok 27 - city route 78b13c06a5df7914fbbb4eb404bec6489b7376cb case 26: (1230,170) -> (1240,1040)
  ---
  duration_ms: 74.510625
  type: 'test'
  ...
# Subtest: city route 78b13c06a5df7914fbbb4eb404bec6489b7376cb case 27: (1230,170) -> (1490,910)
ok 28 - city route 78b13c06a5df7914fbbb4eb404bec6489b7376cb case 27: (1230,170) -> (1490,910)
  ---
  duration_ms: 74.601375
  type: 'test'
  ...
# Subtest: city route 78b13c06a5df7914fbbb4eb404bec6489b7376cb case 28: (930,1010) -> (290,590)
ok 29 - city route 78b13c06a5df7914fbbb4eb404bec6489b7376cb case 28: (930,1010) -> (290,590)
  ---
  duration_ms: 61.195833
  type: 'test'
  ...
# Subtest: city route 78b13c06a5df7914fbbb4eb404bec6489b7376cb case 29: (930,1010) -> (490,650)
ok 30 - city route 78b13c06a5df7914fbbb4eb404bec6489b7376cb case 29: (930,1010) -> (490,650)
  ---
  duration_ms: 59.900666
  type: 'test'
  ...
# Subtest: city route 78b13c06a5df7914fbbb4eb404bec6489b7376cb case 30: (930,1010) -> (730,930)
ok 31 - city route 78b13c06a5df7914fbbb4eb404bec6489b7376cb case 30: (930,1010) -> (730,930)
  ---
  duration_ms: 0.074791
  type: 'test'
  ...
# Subtest: city route 78b13c06a5df7914fbbb4eb404bec6489b7376cb case 31: (930,1010) -> (1230,170)
ok 32 - city route 78b13c06a5df7914fbbb4eb404bec6489b7376cb case 31: (930,1010) -> (1230,170)
  ---
  duration_ms: 75.523542
  type: 'test'
  ...
# Subtest: city route 78b13c06a5df7914fbbb4eb404bec6489b7376cb case 32: (930,1010) -> (930,1010)
ok 33 - city route 78b13c06a5df7914fbbb4eb404bec6489b7376cb case 32: (930,1010) -> (930,1010)
  ---
  duration_ms: 0.043042
  type: 'test'
  ...
# Subtest: city route 78b13c06a5df7914fbbb4eb404bec6489b7376cb case 33: (930,1010) -> (1240,1040)
ok 34 - city route 78b13c06a5df7914fbbb4eb404bec6489b7376cb case 33: (930,1010) -> (1240,1040)
  ---
  duration_ms: 54.499666
  type: 'test'
  ...
# Subtest: city route 78b13c06a5df7914fbbb4eb404bec6489b7376cb case 34: (930,1010) -> (1490,910)
ok 35 - city route 78b13c06a5df7914fbbb4eb404bec6489b7376cb case 34: (930,1010) -> (1490,910)
  ---
  duration_ms: 58.851625
  type: 'test'
  ...
# Subtest: city route 78b13c06a5df7914fbbb4eb404bec6489b7376cb case 35: (1240,1040) -> (290,590)
ok 36 - city route 78b13c06a5df7914fbbb4eb404bec6489b7376cb case 35: (1240,1040) -> (290,590)
  ---
  duration_ms: 85.152334
  type: 'test'
  ...
# Subtest: city route 78b13c06a5df7914fbbb4eb404bec6489b7376cb case 36: (1240,1040) -> (490,650)
ok 37 - city route 78b13c06a5df7914fbbb4eb404bec6489b7376cb case 36: (1240,1040) -> (490,650)
  ---
  duration_ms: 65.755
  type: 'test'
  ...
# Subtest: city route 78b13c06a5df7914fbbb4eb404bec6489b7376cb case 37: (1240,1040) -> (730,930)
ok 38 - city route 78b13c06a5df7914fbbb4eb404bec6489b7376cb case 37: (1240,1040) -> (730,930)
  ---
  duration_ms: 56.599208
  type: 'test'
  ...
# Subtest: city route 78b13c06a5df7914fbbb4eb404bec6489b7376cb case 38: (1240,1040) -> (1230,170)
ok 39 - city route 78b13c06a5df7914fbbb4eb404bec6489b7376cb case 38: (1240,1040) -> (1230,170)
  ---
  duration_ms: 77.830542
  type: 'test'
  ...
# Subtest: city route 78b13c06a5df7914fbbb4eb404bec6489b7376cb case 39: (1240,1040) -> (930,1010)
ok 40 - city route 78b13c06a5df7914fbbb4eb404bec6489b7376cb case 39: (1240,1040) -> (930,1010)
  ---
  duration_ms: 54.329083
  type: 'test'
  ...
# Subtest: city route 78b13c06a5df7914fbbb4eb404bec6489b7376cb case 40: (1240,1040) -> (1240,1040)
ok 41 - city route 78b13c06a5df7914fbbb4eb404bec6489b7376cb case 40: (1240,1040) -> (1240,1040)
  ---
  duration_ms: 0.048
  type: 'test'
  ...
# Subtest: city route 78b13c06a5df7914fbbb4eb404bec6489b7376cb case 41: (1240,1040) -> (1490,910)
ok 42 - city route 78b13c06a5df7914fbbb4eb404bec6489b7376cb case 41: (1240,1040) -> (1490,910)
  ---
  duration_ms: 54.50525
  type: 'test'
  ...
# Subtest: city route 78b13c06a5df7914fbbb4eb404bec6489b7376cb case 42: (1490,910) -> (290,590)
ok 43 - city route 78b13c06a5df7914fbbb4eb404bec6489b7376cb case 42: (1490,910) -> (290,590)
  ---
  duration_ms: 101.806959
  type: 'test'
  ...
# Subtest: city route 78b13c06a5df7914fbbb4eb404bec6489b7376cb case 43: (1490,910) -> (490,650)
ok 44 - city route 78b13c06a5df7914fbbb4eb404bec6489b7376cb case 43: (1490,910) -> (490,650)
  ---
  duration_ms: 74.869208
  type: 'test'
  ...
# Subtest: city route 78b13c06a5df7914fbbb4eb404bec6489b7376cb case 44: (1490,910) -> (730,930)
ok 45 - city route 78b13c06a5df7914fbbb4eb404bec6489b7376cb case 44: (1490,910) -> (730,930)
  ---
  duration_ms: 82.499
  type: 'test'
  ...
# Subtest: city route 78b13c06a5df7914fbbb4eb404bec6489b7376cb case 45: (1490,910) -> (1230,170)
ok 46 - city route 78b13c06a5df7914fbbb4eb404bec6489b7376cb case 45: (1490,910) -> (1230,170)
  ---
  duration_ms: 82.730792
  type: 'test'
  ...
# Subtest: city route 78b13c06a5df7914fbbb4eb404bec6489b7376cb case 46: (1490,910) -> (930,1010)
ok 47 - city route 78b13c06a5df7914fbbb4eb404bec6489b7376cb case 46: (1490,910) -> (930,1010)
  ---
  duration_ms: 75.703333
  type: 'test'
  ...
# Subtest: city route 78b13c06a5df7914fbbb4eb404bec6489b7376cb case 47: (1490,910) -> (1240,1040)
ok 48 - city route 78b13c06a5df7914fbbb4eb404bec6489b7376cb case 47: (1490,910) -> (1240,1040)
  ---
  duration_ms: 67.220209
  type: 'test'
  ...
# Subtest: city route 78b13c06a5df7914fbbb4eb404bec6489b7376cb case 48: (1490,910) -> (1490,910)
ok 49 - city route 78b13c06a5df7914fbbb4eb404bec6489b7376cb case 48: (1490,910) -> (1490,910)
  ---
  duration_ms: 0.038167
  type: 'test'
  ...
# Subtest: city route 78b13c06a5df7914fbbb4eb404bec6489b7376cb case 49: (297,595) -> (1490,910)
ok 50 - city route 78b13c06a5df7914fbbb4eb404bec6489b7376cb case 49: (297,595) -> (1490,910)
  ---
  duration_ms: 89.515209
  type: 'test'
  ...
# Subtest: city route 78b13c06a5df7914fbbb4eb404bec6489b7376cb case 50: (297,595) -> (820,380)
ok 51 - city route 78b13c06a5df7914fbbb4eb404bec6489b7376cb case 50: (297,595) -> (820,380)
  ---
  duration_ms: 55.880625
  type: 'test'
  ...
# Subtest: city route 78b13c06a5df7914fbbb4eb404bec6489b7376cb case 51: (297,595) -> (65,100)
ok 52 - city route 78b13c06a5df7914fbbb4eb404bec6489b7376cb case 51: (297,595) -> (65,100)
  ---
  duration_ms: 55.355791
  type: 'test'
  ...
# Subtest: city route 78b13c06a5df7914fbbb4eb404bec6489b7376cb case 52: (719,919) -> (1490,910)
ok 53 - city route 78b13c06a5df7914fbbb4eb404bec6489b7376cb case 52: (719,919) -> (1490,910)
  ---
  duration_ms: 59.6845
  type: 'test'
  ...
# Subtest: city route 78b13c06a5df7914fbbb4eb404bec6489b7376cb case 53: (719,919) -> (820,380)
ok 54 - city route 78b13c06a5df7914fbbb4eb404bec6489b7376cb case 53: (719,919) -> (820,380)
  ---
  duration_ms: 45.140417
  type: 'test'
  ...
# Subtest: city route 78b13c06a5df7914fbbb4eb404bec6489b7376cb case 54: (719,919) -> (65,100)
ok 55 - city route 78b13c06a5df7914fbbb4eb404bec6489b7376cb case 54: (719,919) -> (65,100)
  ---
  duration_ms: 45.13825
  type: 'test'
  ...
# Subtest: city route 78b13c06a5df7914fbbb4eb404bec6489b7376cb case 55: (899,265) -> (1490,910)
ok 56 - city route 78b13c06a5df7914fbbb4eb404bec6489b7376cb case 55: (899,265) -> (1490,910)
  ---
  duration_ms: 77.173625
  type: 'test'
  ...
# Subtest: city route 78b13c06a5df7914fbbb4eb404bec6489b7376cb case 56: (899,265) -> (820,380)
ok 57 - city route 78b13c06a5df7914fbbb4eb404bec6489b7376cb case 56: (899,265) -> (820,380)
  ---
  duration_ms: 40.490334
  type: 'test'
  ...
# Subtest: city route 78b13c06a5df7914fbbb4eb404bec6489b7376cb case 57: (899,265) -> (65,100)
ok 58 - city route 78b13c06a5df7914fbbb4eb404bec6489b7376cb case 57: (899,265) -> (65,100)
  ---
  duration_ms: 40.452625
  type: 'test'
  ...
# Subtest: city route 78b13c06a5df7914fbbb4eb404bec6489b7376cb case 58: (1481,899) -> (1490,910)
ok 59 - city route 78b13c06a5df7914fbbb4eb404bec6489b7376cb case 58: (1481,899) -> (1490,910)
  ---
  duration_ms: 0.043667
  type: 'test'
  ...
# Subtest: city route 78b13c06a5df7914fbbb4eb404bec6489b7376cb case 59: (1481,899) -> (820,380)
ok 60 - city route 78b13c06a5df7914fbbb4eb404bec6489b7376cb case 59: (1481,899) -> (820,380)
  ---
  duration_ms: 56.731333
  type: 'test'
  ...
# Subtest: city route 78b13c06a5df7914fbbb4eb404bec6489b7376cb case 60: (1481,899) -> (65,100)
ok 61 - city route 78b13c06a5df7914fbbb4eb404bec6489b7376cb case 60: (1481,899) -> (65,100)
  ---
  duration_ms: 57.383875
  type: 'test'
  ...
# Subtest: city route 78b13c06a5df7914fbbb4eb404bec6489b7376cb case 61: (820,380) -> (290,590)
ok 62 - city route 78b13c06a5df7914fbbb4eb404bec6489b7376cb case 61: (820,380) -> (290,590)
  ---
  duration_ms: 0.030417
  type: 'test'
  ...
# Subtest: city route 78b13c06a5df7914fbbb4eb404bec6489b7376cb case 62: (null,10) -> (290,590)
ok 63 - city route 78b13c06a5df7914fbbb4eb404bec6489b7376cb case 62: (null,10) -> (290,590)
  ---
  duration_ms: 0.017875
  type: 'test'
  ...
# Subtest: route from pub to lotte has walkable continuous endpoints and segments
ok 64 - route from pub to lotte has walkable continuous endpoints and segments
  ---
  duration_ms: 1.653875
  type: 'test'
  ...
# Subtest: on foot reaches lotte by the public route within bounded steps
ok 65 - on foot reaches lotte by the public route within bounded steps
  ---
  duration_ms: 1.341542
  type: 'test'
  ...
# Subtest: bicycle reaches lotte, follows ride/push constraints, and survives JSON restore
ok 66 - bicycle reaches lotte, follows ride/push constraints, and survives JSON restore
  ---
  duration_ms: 1.08975
  type: 'test'
  ...
# Subtest: route from pub to coffee has walkable continuous endpoints and segments
ok 67 - route from pub to coffee has walkable continuous endpoints and segments
  ---
  duration_ms: 88.07125
  type: 'test'
  ...
# Subtest: on foot reaches coffee by the public route within bounded steps
ok 68 - on foot reaches coffee by the public route within bounded steps
  ---
  duration_ms: 86.283417
  type: 'test'
  ...
# Subtest: bicycle reaches coffee, follows ride/push constraints, and survives JSON restore
ok 69 - bicycle reaches coffee, follows ride/push constraints, and survives JSON restore
  ---
  duration_ms: 88.055209
  type: 'test'
  ...
# Subtest: route from pub to noord has walkable continuous endpoints and segments
ok 70 - route from pub to noord has walkable continuous endpoints and segments
  ---
  duration_ms: 85.674625
  type: 'test'
  ...
# Subtest: on foot reaches noord by the public route within bounded steps
ok 71 - on foot reaches noord by the public route within bounded steps
  ---
  duration_ms: 86.918584
  type: 'test'
  ...
# Subtest: bicycle reaches noord, follows ride/push constraints, and survives JSON restore
ok 72 - bicycle reaches noord, follows ride/push constraints, and survives JSON restore
  ---
  duration_ms: 87.426583
  type: 'test'
  ...
# Subtest: route from pub to market has walkable continuous endpoints and segments
ok 73 - route from pub to market has walkable continuous endpoints and segments
  ---
  duration_ms: 83.133625
  type: 'test'
  ...
# Subtest: on foot reaches market by the public route within bounded steps
ok 74 - on foot reaches market by the public route within bounded steps
  ---
  duration_ms: 84.932458
  type: 'test'
  ...
# Subtest: bicycle reaches market, follows ride/push constraints, and survives JSON restore
ok 75 - bicycle reaches market, follows ride/push constraints, and survives JSON restore
  ---
  duration_ms: 85.537916
  type: 'test'
  ...
# Subtest: route from pub to flowers has walkable continuous endpoints and segments
ok 76 - route from pub to flowers has walkable continuous endpoints and segments
  ---
  duration_ms: 103.367833
  type: 'test'
  ...
# Subtest: on foot reaches flowers by the public route within bounded steps
ok 77 - on foot reaches flowers by the public route within bounded steps
  ---
  duration_ms: 106.08
  type: 'test'
  ...
# Subtest: bicycle reaches flowers, follows ride/push constraints, and survives JSON restore
ok 78 - bicycle reaches flowers, follows ride/push constraints, and survives JSON restore
  ---
  duration_ms: 105.528458
  type: 'test'
  ...
# Subtest: route from pub to lab has walkable continuous endpoints and segments
ok 79 - route from pub to lab has walkable continuous endpoints and segments
  ---
  duration_ms: 120.444125
  type: 'test'
  ...
# Subtest: on foot reaches lab by the public route within bounded steps
ok 80 - on foot reaches lab by the public route within bounded steps
  ---
  duration_ms: 122.942666
  type: 'test'
  ...
# Subtest: bicycle reaches lab, follows ride/push constraints, and survives JSON restore
ok 81 - bicycle reaches lab, follows ride/push constraints, and survives JSON restore
  ---
  duration_ms: 125.391583
  type: 'test'
  ...
# Subtest: all named destinations are mutually reachable through finite walkable routes
ok 82 - all named destinations are mutually reachable through finite walkable routes
  ---
  duration_ms: 3560.23925
  type: 'test'
  ...
# Subtest: route to open water snaps to the nearest reachable node only when origin is valid
ok 83 - route to open water snaps to the nearest reachable node only when origin is valid
  ---
  duration_ms: 72.133292
  type: 'test'
  ...
# Subtest: moveAlong uses a restored midpath position and then completes the remaining route
ok 84 - moveAlong uses a restored midpath position and then completes the remaining route
  ---
  duration_ms: 121.851
  type: 'test'
  ...
# Subtest: historical algorithm fixtures restore and continue deterministically
ok 85 - historical algorithm fixtures restore and continue deterministically
  ---
  duration_ms: 20.080875
  type: 'test'
  ...
# Subtest: active market travel reaches the market event, exit advances, and return settles once
ok 86 - active market travel reaches the market event, exit advances, and return settles once
  ---
  duration_ms: 22.543625
  type: 'test'
  ...
# Subtest: restore rejects malformed nested historical auto and player data
ok 87 - restore rejects malformed nested historical auto and player data
  ---
  duration_ms: 1.197583
  type: 'test'
  ...
# test-algorithm-physics ok 18294 checks
# Subtest: tools/prototype/test-algorithm-physics.js
ok 4 - tools/prototype/test-algorithm-physics.js
  ---
  duration_ms: 1315.599958
  type: 'test'
  ...
# Subtest: manual command disables initial autopilot and zero-input step advances time
ok 89 - manual command disables initial autopilot and zero-input step advances time
  ---
  duration_ms: 3.963625
  type: 'test'
  ...
# Subtest: restore during travel preserves goal/event/disabled mode and JSON continuation
ok 90 - restore during travel preserves goal/event/disabled mode and JSON continuation
  ---
  duration_ms: 3.841583
  type: 'test'
  ...
# Subtest: validator accepts maximum uint32 seed and rejects unknown command or nonfinite aim
ok 91 - validator accepts maximum uint32 seed and rejects unknown command or nonfinite aim
  ---
  duration_ms: 0.3075
  type: 'test'
  ...
# Subtest: action, per-action step, and total-step bounds fail before simulation
ok 92 - action, per-action step, and total-step bounds fail before simulation
  ---
  duration_ms: 0.09
  type: 'test'
  ...
# Subtest: default corpus replays deterministically and explicitly handles glimpse choices
ok 93 - default corpus replays deterministically and explicitly handles glimpse choices
  ---
  duration_ms: 690.125292
  type: 'test'
  ...
# Subtest: reducer rejects malformed transcript and successful replay
ok 94 - reducer rejects malformed transcript and successful replay
  ---
  duration_ms: 0.271875
  type: 'test'
  ...
# Subtest: reducer caps replays at supplied budget and supplied budget is bounded to 100
ok 95 - reducer caps replays at supplied budget and supplied budget is bounded to 100
  ---
  duration_ms: 0.767708
  type: 'test'
  ...
# Subtest: reducer removes extraneous actions while preserving stable failure kind
ok 96 - reducer removes extraneous actions while preserving stable failure kind
  ---
  duration_ms: 2.876
  type: 'test'
  ...
# Subtest: deterministic bounded route matrix: seeds x days x kits x natural routes
ok 97 - deterministic bounded route matrix: seeds x days x kits x natural routes
  ---
  duration_ms: 9573.508625
  type: 'test'
  ...
# Subtest: natural routes really collect or operate physical district targets without teleporting
ok 98 - natural routes really collect or operate physical district targets without teleporting
  ---
  duration_ms: 1104.062833
  type: 'test'
  ...
# Subtest: mid-travel restore preserves route state and can continue to a completion
ok 99 - mid-travel restore preserves route state and can continue to a completion
  ---
  duration_ms: 569.038125
  type: 'test'
  ...
# Subtest: SYNTHETIC: avoidable dynamic barrel reroutes and completes
ok 100 - SYNTHETIC: avoidable dynamic barrel reroutes and completes
  ---
  duration_ms: 158.634417
  type: 'test'
  ...
# Subtest: SYNTHETIC: near-target line-of-sight obstruction keeps loot world, then hook route can complete
ok 101 - SYNTHETIC: near-target line-of-sight obstruction keeps loot world, then hook route can complete
  ---
  duration_ms: 23.394333
  type: 'test'
  ...
# Subtest: SYNTHETIC: full cargo produces an explicit capacity event and requires an explicit resolution
ok 102 - SYNTHETIC: full cargo produces an explicit capacity event and requires an explicit resolution
  ---
  duration_ms: 0.940333
  type: 'test'
  ...
# Subtest: SYNTHETIC: unavailable target after midtravel state change returns to a retryable location event
ok 103 - SYNTHETIC: unavailable target after midtravel state change returns to a retryable location event
  ---
  duration_ms: 1.319375
  type: 'test'
  ...
# Subtest: explicit recoverable events are distinguished from navigation stuck
ok 104 - explicit recoverable events are distinguished from navigation stuck
  ---
  duration_ms: 35.8085
  type: 'test'
  ...
# Subtest: start/open/close, choice-pause roundtrip, replay, settlement, and reports
ok 105 - start/open/close, choice-pause roundtrip, replay, settlement, and reports
  ---
  duration_ms: 27.122292
  type: 'test'
  ...
# Subtest: midtravel save continues identically in the original and restored runs
ok 106 - midtravel save continues identically in the original and restored runs
  ---
  duration_ms: 21.734166
  type: 'test'
  ...
# Subtest: three-day automatic route collects a real sorting spare then permanently repairs garden
ok 107 - three-day automatic route collects a real sorting spare then permanently repairs garden
  ---
  duration_ms: 201.63175
  type: 'test'
  ...
# Subtest: legitimate capacity, expiration rescue, exit extraction, and malformed nested saves fail without mutation
ok 108 - legitimate capacity, expiration rescue, exit extraction, and malformed nested saves fail without mutation
  ---
  duration_ms: 15.906375
  type: 'test'
  ...
# ✓ new expeditions default to a paused automatic choice while manual stays available
# ✓ reading choices freezes actors, cargo, cooldowns and expedition time
# ✓ automatic choices travel through the actual city and settle the Noor and greenhouse loop
# ✓ choosing to keep the box leads to the kept consequence rather than a fake handover
# ✓ a full bag pauses for an explicit cargo decision and does not silently discard goods
# ✓ switching control does not teleport or consume time and invalidates the old route
# ✓ pending and travelling saves resume valid decisions, legacy runs remain valid, malformed auto state rejects
# ✓ automatic input leaves global pause, help, Escape and browser navigation shortcuts available
# ✓ delivered parcels are not offered again as a destination that secretly goes somewhere else
# ✓ a real journey can reveal a greenhouse detour without discarding the original route
# ✓ following the flower worker replaces the route with an actual greenhouse visit
# 11 automatic exploration behavioral tests passed.
# Subtest: tools/prototype/test-backstage-auto.js
ok 8 - tools/prototype/test-backstage-auto.js
  ---
  duration_ms: 352.915916
  type: 'test'
  ...
# ✓ expedition enters after closing and preserves pub stock
# ✓ seed/day repeat encounters exactly, with different routes on later visits
# ✓ walking and dash cannot tunnel through shelving or the greenhouse gate
# ✓ a directional hook retrieves moving goods but respects walls and range
# ✓ goods auto-stow, capacity is enforced, and dropping frees the last bag slot
# ✓ foam interrupts a charging machine and expires after its useful window
# ✓ the greenhouse lever opens a physical route and discovery survives another run
# ✓ contraband requires deliberate pickup, never enters beer or ingredient rewards
# ✓ discovering the greenhouse opens a second safe extraction route
# ✓ Noor receives a physically carried parcel only once
# ✓ safe extraction preserves cargo; bailout loses cargo but preserves discoveries
# ✓ time expiration ends a run with recoverable partial cargo, never touches home funds
# ✓ returning cargo settles once and Noor becomes a recognizable evening guest
# ✓ older saves migrate without losing cash, batches, day or relationships
# ✓ refresh roundtrips a running expedition; malformed coordinates and cargo reject
# ✓ stationary pointer stays aimed to the right as the camera follows a moving player
# 16 backstage behavioral tests passed.
# Subtest: tools/prototype/test-backstage.js
ok 9 - tools/prototype/test-backstage.js
  ---
  duration_ms: 137.750458
  type: 'test'
  ...
# Subtest: day and night character stories
    # Subtest: day invitation is free, optional, limited to one accepted thread per evening
    ok 1 - day invitation is free, optional, limited to one accepted thread per evening
      ---
      duration_ms: 4.270375
      type: 'test'
      ...
    # Subtest: character choice freezes an active pour, timer and guests until a valid reply
    ok 2 - character choice freezes an active pour, timer and guests until a valid reply
      ---
      duration_ms: 6.50525
      type: 'test'
      ...
    # Subtest: Marta felt choice spends once and affects only still-present guests
    ok 3 - Marta felt choice spends once and affects only still-present guests
      ---
      duration_ms: 4.222708
      type: 'test'
      ...
    # Subtest: Bram introduces Inez and meal changes a real order without paying wages twice
    ok 4 - Bram introduces Inez and meal changes a real order without paying wages twice
      ---
      duration_ms: 15.7785
      type: 'test'
      ...
    # Subtest: Ada gift consumes one actual ale, water stays free and no ingredients are granted
    ok 5 - Ada gift consumes one actual ale, water stays free and no ingredients are granted
      ---
      duration_ms: 12.25825
      type: 'test'
      ...
    # Subtest: zero cash and empty ale keep a free story choice available
    ok 6 - zero cash and empty ale keep a free story choice available
      ---
      duration_ms: 7.937834
      type: 'test'
      ...
    # Subtest: closing before or during a promised scene records missed, not a chosen reply
    ok 7 - closing before or during a promised scene records missed, not a chosen reply
      ---
      duration_ms: 3.667167
      type: 'test'
      ...
    # Subtest: three distinct stories finish on their own nights and remain in the ending
    ok 8 - three distinct stories finish on their own nights and remain in the ending
      ---
      duration_ms: 9.506666
      type: 'test'
      ...
    # Subtest: legacy ongoing nights gain no surprise scene and preserve orders and pours
    ok 9 - legacy ongoing nights gain no surprise scene and preserve orders and pours
      ---
      duration_ms: 3.040417
      type: 'test'
      ...
    # Subtest: story save rejects duplicate identities, contradictory choices and forged service
    ok 10 - story save rejects duplicate identities, contradictory choices and forged service
      ---
      duration_ms: 3.135834
      type: 'test'
      ...
    # Subtest: greenhouse work changes Ada dialogue and after-hours exploration keeps story results
    ok 11 - greenhouse work changes Ada dialogue and after-hours exploration keeps story results
      ---
      duration_ms: 4.694708
      type: 'test'
      ...
    # Subtest: Noor, delivery reservation and character guest coexist without consuming protected stout
    ok 12 - Noor, delivery reservation and character guest coexist without consuming protected stout
      ---
      duration_ms: 105.258708
      type: 'test'
      ...
    1..12
ok 111 - day and night character stories
  ---
  duration_ms: 181.682125
  type: 'test'
  ...
# Subtest: new cities and legacy saves receive an independent bicycle at the pub
ok 112 - new cities and legacy saves receive an independent bicycle at the pub
  ---
  duration_ms: 1.136917
  type: 'test'
  ...
# Subtest: legacy saves covered by the added flower facade keep their visited places
ok 113 - legacy saves covered by the added flower facade keep their visited places
  ---
  duration_ms: 0.167584
  type: 'test'
  ...
# Subtest: relocating a flower-facade save retains an independently parked bicycle
ok 114 - relocating a flower-facade save retains an independently parked bicycle
  ---
  duration_ms: 0.098584
  type: 'test'
  ...
# Subtest: flower-facade migration does not admit nonfinite coordinates or corrupt visits
ok 115 - flower-facade migration does not admit nonfinite coordinates or corrupt visits
  ---
  duration_ms: 0.114875
  type: 'test'
  ...
# Subtest: malformed bicycle data resets the bicycle while retaining valid player progress
ok 116 - malformed bicycle data resets the bicycle while retaining valid player progress
  ---
  duration_ms: 0.310541
  type: 'test'
  ...
# Subtest: mounting requires proximity and dismounting keeps the bicycle at the player
ok 117 - mounting requires proximity and dismounting keeps the bicycle at the player
  ---
  duration_ms: 0.189125
  type: 'test'
  ...
# Subtest: parking on entry dismounts locally and never recalls a distant bicycle
ok 118 - parking on entry dismounts locally and never recalls a distant bicycle
  ---
  duration_ms: 0.097916
  type: 'test'
  ...
# Subtest: manual movement preserves visits, moves a ridden bicycle, and leaves a parked one behind
ok 119 - manual movement preserves visits, moves a ridden bicycle, and leaves a parked one behind
  ---
  duration_ms: 0.436834
  type: 'test'
  ...
# Subtest: automatic movement uses bicycle speed and retains the complete city state
ok 120 - automatic movement uses bicycle speed and retains the complete city state
  ---
  duration_ms: 0.463125
  type: 'test'
  ...
# Subtest: bicycles cross every bridge and ferry both ways without being left behind
ok 121 - bicycles cross every bridge and ferry both ways without being left behind
  ---
  duration_ms: 4.862209
  type: 'test'
  ...
# Subtest: manual narrow-bridge movement pushes the bicycle, can park, and can take it again
ok 122 - manual narrow-bridge movement pushes the bicycle, can park, and can take it again
  ---
  duration_ms: 0.322292
  type: 'test'
  ...
# Subtest: manual riding crosses a wide bridge and parked bicycles never follow automatically
ok 123 - manual riding crosses a wide bridge and parked bicycles never follow automatically
  ---
  duration_ms: 0.292583
  type: 'test'
  ...
# Subtest: bicycle speed never tunnels through a canal or facade
ok 124 - bicycle speed never tunnels through a canal or facade
  ---
  duration_ms: 2.12825
  type: 'test'
  ...
# Subtest: the same city renders night lighting and discovered map notes
ok 125 - the same city renders night lighting and discovered map notes
  ---
  duration_ms: 4.752125
  type: 'test'
  ...
# Subtest: summary can render the city without requiring an interior pub state
ok 126 - summary can render the city without requiring an interior pub state
  ---
  duration_ms: 1.180375
  type: 'test'
  ...
# Subtest: the bicycle and basket bouquet remain visible at the parked location
ok 127 - the bicycle and basket bouquet remain visible at the parked location
  ---
  duration_ms: 4.784083
  type: 'test'
  ...
# Subtest: a displayed bouquet appears in the pub window and uses the chosen wrapping
ok 128 - a displayed bouquet appears in the pub window and uses the chosen wrapping
  ---
  duration_ms: 4.159583
  type: 'test'
  ...
# Subtest: city consequence quality
    # Subtest: low reserved stout batch stays restorable while the contract cup pours and settles once
    ok 1 - low reserved stout batch stays restorable while the contract cup pours and settles once
      ---
      duration_ms: 176.888541
      type: 'test'
      ...
    # Subtest: a fulfilled contract can never settle a second time
    ok 2 - a fulfilled contract can never settle a second time
      ---
      duration_ms: 153.34825
      type: 'test'
      ...
    # Subtest: day-3 same-day delivery order fulfils that night and the ending restores
    ok 3 - day-3 same-day delivery order fulfils that night and the ending restores
      ---
      duration_ms: 215.3015
      type: 'test'
      ...
    # Subtest: prep cancel releases the reserved cup and no contract guest is ever attached
    ok 4 - prep cancel releases the reserved cup and no contract guest is ever attached
      ---
      duration_ms: 141.2795
      type: 'test'
      ...
    # Subtest: missed administrator marks the contract missed and releases the cup at night end
    ok 5 - missed administrator marks the contract missed and releases the cup at night end
      ---
      duration_ms: 199.707833
      type: 'test'
      ...
    1..5
ok 129 - city consequence quality
  ---
  duration_ms: 887.439125
  type: 'test'
  ...
# Subtest: city journey quality
    # Subtest: bounded real-action graph: v4 delivery has no invalid or trapped states
    ok 1 - bounded real-action graph: v4 delivery has no invalid or trapped states
      ---
      duration_ms: 2357.667125
      type: 'test'
      ...
    # Subtest: bounded real-action graph: rail v1 has no invalid or trapped states
    ok 2 - bounded real-action graph: rail v1 has no invalid or trapped states
      ---
      duration_ms: 74.188208
      type: 'test'
      ...
    # Subtest: reading a choice freezes the outbound clock and clocks resume after
    ok 3 - reading a choice freezes the outbound clock and clocks resume after
      ---
      duration_ms: 3.445458
      type: 'test'
      ...
    # Subtest: parcel 55s and delivery deadline 40s use inclusive boundaries
    ok 4 - parcel 55s and delivery deadline 40s use inclusive boundaries
      ---
      duration_ms: 11.377208
      type: 'test'
      ...
    # Subtest: tidy and table stay inside elapsed and quality bounds
    ok 5 - tidy and table stay inside elapsed and quality bounds
      ---
      duration_ms: 3.355792
      type: 'test'
      ...
    # Subtest: legacy v1-v3 saves keep their shape through JSON round trips
    ok 6 - legacy v1-v3 saves keep their shape through JSON round trips
      ---
      duration_ms: 0.38275
      type: 'test'
      ...
    # Subtest: integration: full delivery via Reopening settles once and keeps real clocks
    ok 7 - integration: full delivery via Reopening settles once and keeps real clocks
      ---
      duration_ms: 11.164916
      type: 'test'
      ...
    1..7
ok 130 - city journey quality
  ---
  duration_ms: 2462.628208
  type: 'test'
  ...
# ✓ CommonJS and browser expose the same public contract
# ✓ map geometry and named destinations match the shared scene contract
# ✓ facades use fixed positions and decorative buildings stay on dry land
# ✓ walkability keeps an eight-unit safety margin from bounds, water, and buildings
# ✓ all 49 ordered destination routes are reachable and every segment is safe
# ✓ the Noord route crosses the IJ only through the ferry corridor
# ✓ routing safely joins exact positions and snaps blocked targets
# ✓ movement normalizes diagonals, clamps elapsed time, and cannot cross obstacles
# ✓ moveAlong advances at walking speed without mutating its inputs
# ✓ near selects the closest destination within the requested radius
# ✓ city state creation and restoration are strict, cloned, and independent
# ✓ zoomed camera keeps a player visible at every dry map corner
# ✓ zoom follows a central player and map clicks invert the actual render transform
# 13 city tests passed.
# Subtest: tools/prototype/test-city.js
ok 14 - tools/prototype/test-city.js
  ---
  duration_ms: 2959.233042
  type: 'test'
  ...
# Subtest: expeditions start after closing, return to the same night, and do not use tomorrow’s actions
ok 132 - expeditions start after closing, return to the same night, and do not use tomorrow’s actions
  ---
  duration_ms: 6.164083
  type: 'test'
  ...
# Subtest: after-hours cash does not rewrite the business receipt; Noor appears the next evening
ok 133 - after-hours cash does not rewrite the business receipt; Noor appears the next evening
  ---
  duration_ms: 3.721875
  type: 'test'
  ...
# Subtest: old in-progress daytime expedition saves keep their departure phase
ok 134 - old in-progress daytime expedition saves keep their departure phase
  ---
  duration_ms: 1.061708
  type: 'test'
  ...
# Subtest: flower arrangement is optional, cancellable, and pays only when three distinct stems are wrapped
ok 135 - flower arrangement is optional, cancellable, and pays only when three distinct stems are wrapped
  ---
  duration_ms: 1.33425
  type: 'test'
  ...
# Subtest: one bouquet can be stored, retrieved and gifted once; it never becomes brewing stock
ok 136 - one bouquet can be stored, retrieved and gifted once; it never becomes brewing stock
  ---
  duration_ms: 1.141834
  type: 'test'
  ...
# Subtest: a matching window arrangement improves actual guest patience and survives the night
ok 137 - a matching window arrangement improves actual guest patience and survives the night
  ---
  duration_ms: 1.261417
  type: 'test'
  ...
# Subtest: malformed flower saves are rejected while legacy saves migrate
ok 138 - malformed flower saves are rejected while legacy saves migrate
  ---
  duration_ms: 0.879542
  type: 'test'
  ...
# Subtest: skipping a later expedition keeps dated discoveries rather than inventing last-night cargo
ok 139 - skipping a later expedition keeps dated discoveries rather than inventing last-night cargo
  ---
  duration_ms: 1.76075
  type: 'test'
  ...
1..139
# tests 163
# suites 0
# pass 163
# fail 0
# cancelled 0
# skipped 0
# todo 0
# duration_ms 29981.186541
