TAP version 13
# Subtest: city route 78b13c06a5df7914fbbb4eb404bec6489b7376cb case 0: (290,590) -> (290,590)
ok 1 - city route 78b13c06a5df7914fbbb4eb404bec6489b7376cb case 0: (290,590) -> (290,590)
  ---
  duration_ms: 1.45125
  type: 'test'
  ...
# Subtest: city route 78b13c06a5df7914fbbb4eb404bec6489b7376cb case 1: (290,590) -> (490,650)
ok 2 - city route 78b13c06a5df7914fbbb4eb404bec6489b7376cb case 1: (290,590) -> (490,650)
  ---
  duration_ms: 0.337042
  type: 'test'
  ...
# Subtest: city route 78b13c06a5df7914fbbb4eb404bec6489b7376cb case 2: (290,590) -> (730,930)
ok 3 - city route 78b13c06a5df7914fbbb4eb404bec6489b7376cb case 2: (290,590) -> (730,930)
  ---
  duration_ms: 67.372458
  type: 'test'
  ...
# Subtest: city route 78b13c06a5df7914fbbb4eb404bec6489b7376cb case 3: (290,590) -> (1230,170)
ok 4 - city route 78b13c06a5df7914fbbb4eb404bec6489b7376cb case 3: (290,590) -> (1230,170)
  ---
  duration_ms: 62.144708
  type: 'test'
  ...
# Subtest: city route 78b13c06a5df7914fbbb4eb404bec6489b7376cb case 4: (290,590) -> (930,1010)
ok 5 - city route 78b13c06a5df7914fbbb4eb404bec6489b7376cb case 4: (290,590) -> (930,1010)
  ---
  duration_ms: 61.79
  type: 'test'
  ...
# Subtest: city route 78b13c06a5df7914fbbb4eb404bec6489b7376cb case 5: (290,590) -> (1240,1040)
ok 6 - city route 78b13c06a5df7914fbbb4eb404bec6489b7376cb case 5: (290,590) -> (1240,1040)
  ---
  duration_ms: 73.633792
  type: 'test'
  ...
# Subtest: city route 78b13c06a5df7914fbbb4eb404bec6489b7376cb case 6: (290,590) -> (1490,910)
ok 7 - city route 78b13c06a5df7914fbbb4eb404bec6489b7376cb case 6: (290,590) -> (1490,910)
  ---
  duration_ms: 91.121667
  type: 'test'
  ...
# Subtest: city route 78b13c06a5df7914fbbb4eb404bec6489b7376cb case 7: (490,650) -> (290,590)
ok 8 - city route 78b13c06a5df7914fbbb4eb404bec6489b7376cb case 7: (490,650) -> (290,590)
  ---
  duration_ms: 0.109792
  type: 'test'
  ...
# Subtest: city route 78b13c06a5df7914fbbb4eb404bec6489b7376cb case 8: (490,650) -> (490,650)
ok 9 - city route 78b13c06a5df7914fbbb4eb404bec6489b7376cb case 8: (490,650) -> (490,650)
  ---
  duration_ms: 0.241375
  type: 'test'
  ...
# Subtest: city route 78b13c06a5df7914fbbb4eb404bec6489b7376cb case 9: (490,650) -> (730,930)
ok 10 - city route 78b13c06a5df7914fbbb4eb404bec6489b7376cb case 9: (490,650) -> (730,930)
  ---
  duration_ms: 78.409625
  type: 'test'
  ...
# Subtest: city route 78b13c06a5df7914fbbb4eb404bec6489b7376cb case 10: (490,650) -> (1230,170)
ok 11 - city route 78b13c06a5df7914fbbb4eb404bec6489b7376cb case 10: (490,650) -> (1230,170)
  ---
  duration_ms: 74.881958
  type: 'test'
  ...
# Subtest: city route 78b13c06a5df7914fbbb4eb404bec6489b7376cb case 11: (490,650) -> (930,1010)
ok 12 - city route 78b13c06a5df7914fbbb4eb404bec6489b7376cb case 11: (490,650) -> (930,1010)
  ---
  duration_ms: 71.939875
  type: 'test'
  ...
# Subtest: city route 78b13c06a5df7914fbbb4eb404bec6489b7376cb case 12: (490,650) -> (1240,1040)
ok 13 - city route 78b13c06a5df7914fbbb4eb404bec6489b7376cb case 12: (490,650) -> (1240,1040)
  ---
  duration_ms: 87.765125
  type: 'test'
  ...
# Subtest: city route 78b13c06a5df7914fbbb4eb404bec6489b7376cb case 13: (490,650) -> (1490,910)
ok 14 - city route 78b13c06a5df7914fbbb4eb404bec6489b7376cb case 13: (490,650) -> (1490,910)
  ---
  duration_ms: 97.784334
  type: 'test'
  ...
# Subtest: city route 78b13c06a5df7914fbbb4eb404bec6489b7376cb case 14: (730,930) -> (290,590)
ok 15 - city route 78b13c06a5df7914fbbb4eb404bec6489b7376cb case 14: (730,930) -> (290,590)
  ---
  duration_ms: 53.062125
  type: 'test'
  ...
# Subtest: city route 78b13c06a5df7914fbbb4eb404bec6489b7376cb case 15: (730,930) -> (490,650)
ok 16 - city route 78b13c06a5df7914fbbb4eb404bec6489b7376cb case 15: (730,930) -> (490,650)
  ---
  duration_ms: 55.555292
  type: 'test'
  ...
# Subtest: city route 78b13c06a5df7914fbbb4eb404bec6489b7376cb case 16: (730,930) -> (730,930)
ok 17 - city route 78b13c06a5df7914fbbb4eb404bec6489b7376cb case 16: (730,930) -> (730,930)
  ---
  duration_ms: 0.056417
  type: 'test'
  ...
# Subtest: city route 78b13c06a5df7914fbbb4eb404bec6489b7376cb case 17: (730,930) -> (1230,170)
ok 18 - city route 78b13c06a5df7914fbbb4eb404bec6489b7376cb case 17: (730,930) -> (1230,170)
  ---
  duration_ms: 67.278542
  type: 'test'
  ...
# Subtest: city route 78b13c06a5df7914fbbb4eb404bec6489b7376cb case 18: (730,930) -> (930,1010)
ok 19 - city route 78b13c06a5df7914fbbb4eb404bec6489b7376cb case 18: (730,930) -> (930,1010)
  ---
  duration_ms: 0.192667
  type: 'test'
  ...
# Subtest: city route 78b13c06a5df7914fbbb4eb404bec6489b7376cb case 19: (730,930) -> (1240,1040)
ok 20 - city route 78b13c06a5df7914fbbb4eb404bec6489b7376cb case 19: (730,930) -> (1240,1040)
  ---
  duration_ms: 59.647542
  type: 'test'
  ...
# Subtest: city route 78b13c06a5df7914fbbb4eb404bec6489b7376cb case 20: (730,930) -> (1490,910)
ok 21 - city route 78b13c06a5df7914fbbb4eb404bec6489b7376cb case 20: (730,930) -> (1490,910)
  ---
  duration_ms: 67.200875
  type: 'test'
  ...
# Subtest: city route 78b13c06a5df7914fbbb4eb404bec6489b7376cb case 21: (1230,170) -> (290,590)
ok 22 - city route 78b13c06a5df7914fbbb4eb404bec6489b7376cb case 21: (1230,170) -> (290,590)
  ---
  duration_ms: 61.458583
  type: 'test'
  ...
# Subtest: city route 78b13c06a5df7914fbbb4eb404bec6489b7376cb case 22: (1230,170) -> (490,650)
ok 23 - city route 78b13c06a5df7914fbbb4eb404bec6489b7376cb case 22: (1230,170) -> (490,650)
  ---
  duration_ms: 53.882042
  type: 'test'
  ...
# Subtest: city route 78b13c06a5df7914fbbb4eb404bec6489b7376cb case 23: (1230,170) -> (730,930)
ok 24 - city route 78b13c06a5df7914fbbb4eb404bec6489b7376cb case 23: (1230,170) -> (730,930)
  ---
  duration_ms: 62.087042
  type: 'test'
  ...
# Subtest: city route 78b13c06a5df7914fbbb4eb404bec6489b7376cb case 24: (1230,170) -> (1230,170)
ok 25 - city route 78b13c06a5df7914fbbb4eb404bec6489b7376cb case 24: (1230,170) -> (1230,170)
  ---
  duration_ms: 0.037583
  type: 'test'
  ...
# Subtest: city route 78b13c06a5df7914fbbb4eb404bec6489b7376cb case 25: (1230,170) -> (930,1010)
ok 26 - city route 78b13c06a5df7914fbbb4eb404bec6489b7376cb case 25: (1230,170) -> (930,1010)
  ---
  duration_ms: 62.611166
  type: 'test'
  ...
# Subtest: city route 78b13c06a5df7914fbbb4eb404bec6489b7376cb case 26: (1230,170) -> (1240,1040)
ok 27 - city route 78b13c06a5df7914fbbb4eb404bec6489b7376cb case 26: (1230,170) -> (1240,1040)
  ---
  duration_ms: 72.867792
  type: 'test'
  ...
# Subtest: city route 78b13c06a5df7914fbbb4eb404bec6489b7376cb case 27: (1230,170) -> (1490,910)
ok 28 - city route 78b13c06a5df7914fbbb4eb404bec6489b7376cb case 27: (1230,170) -> (1490,910)
  ---
  duration_ms: 73.005959
  type: 'test'
  ...
# Subtest: city route 78b13c06a5df7914fbbb4eb404bec6489b7376cb case 28: (930,1010) -> (290,590)
ok 29 - city route 78b13c06a5df7914fbbb4eb404bec6489b7376cb case 28: (930,1010) -> (290,590)
  ---
  duration_ms: 59.191959
  type: 'test'
  ...
# Subtest: city route 78b13c06a5df7914fbbb4eb404bec6489b7376cb case 29: (930,1010) -> (490,650)
ok 30 - city route 78b13c06a5df7914fbbb4eb404bec6489b7376cb case 29: (930,1010) -> (490,650)
  ---
  duration_ms: 57.996417
  type: 'test'
  ...
# Subtest: city route 78b13c06a5df7914fbbb4eb404bec6489b7376cb case 30: (930,1010) -> (730,930)
ok 31 - city route 78b13c06a5df7914fbbb4eb404bec6489b7376cb case 30: (930,1010) -> (730,930)
  ---
  duration_ms: 0.070917
  type: 'test'
  ...
# Subtest: city route 78b13c06a5df7914fbbb4eb404bec6489b7376cb case 31: (930,1010) -> (1230,170)
ok 32 - city route 78b13c06a5df7914fbbb4eb404bec6489b7376cb case 31: (930,1010) -> (1230,170)
  ---
  duration_ms: 71.673167
  type: 'test'
  ...
# Subtest: city route 78b13c06a5df7914fbbb4eb404bec6489b7376cb case 32: (930,1010) -> (930,1010)
ok 33 - city route 78b13c06a5df7914fbbb4eb404bec6489b7376cb case 32: (930,1010) -> (930,1010)
  ---
  duration_ms: 0.028459
  type: 'test'
  ...
# Subtest: city route 78b13c06a5df7914fbbb4eb404bec6489b7376cb case 33: (930,1010) -> (1240,1040)
ok 34 - city route 78b13c06a5df7914fbbb4eb404bec6489b7376cb case 33: (930,1010) -> (1240,1040)
  ---
  duration_ms: 51.415459
  type: 'test'
  ...
# Subtest: city route 78b13c06a5df7914fbbb4eb404bec6489b7376cb case 34: (930,1010) -> (1490,910)
ok 35 - city route 78b13c06a5df7914fbbb4eb404bec6489b7376cb case 34: (930,1010) -> (1490,910)
  ---
  duration_ms: 83.179459
  type: 'test'
  ...
# Subtest: city route 78b13c06a5df7914fbbb4eb404bec6489b7376cb case 35: (1240,1040) -> (290,590)
ok 36 - city route 78b13c06a5df7914fbbb4eb404bec6489b7376cb case 35: (1240,1040) -> (290,590)
  ---
  duration_ms: 138.832958
  type: 'test'
  ...
# Subtest: city route 78b13c06a5df7914fbbb4eb404bec6489b7376cb case 36: (1240,1040) -> (490,650)
ok 37 - city route 78b13c06a5df7914fbbb4eb404bec6489b7376cb case 36: (1240,1040) -> (490,650)
  ---
  duration_ms: 71.888959
  type: 'test'
  ...
# Subtest: city route 78b13c06a5df7914fbbb4eb404bec6489b7376cb case 37: (1240,1040) -> (730,930)
ok 38 - city route 78b13c06a5df7914fbbb4eb404bec6489b7376cb case 37: (1240,1040) -> (730,930)
  ---
  duration_ms: 59.836916
  type: 'test'
  ...
# Subtest: city route 78b13c06a5df7914fbbb4eb404bec6489b7376cb case 38: (1240,1040) -> (1230,170)
ok 39 - city route 78b13c06a5df7914fbbb4eb404bec6489b7376cb case 38: (1240,1040) -> (1230,170)
  ---
  duration_ms: 78.205042
  type: 'test'
  ...
# Subtest: city route 78b13c06a5df7914fbbb4eb404bec6489b7376cb case 39: (1240,1040) -> (930,1010)
ok 40 - city route 78b13c06a5df7914fbbb4eb404bec6489b7376cb case 39: (1240,1040) -> (930,1010)
  ---
  duration_ms: 56.85075
  type: 'test'
  ...
# Subtest: city route 78b13c06a5df7914fbbb4eb404bec6489b7376cb case 40: (1240,1040) -> (1240,1040)
ok 41 - city route 78b13c06a5df7914fbbb4eb404bec6489b7376cb case 40: (1240,1040) -> (1240,1040)
  ---
  duration_ms: 0.045666
  type: 'test'
  ...
# Subtest: city route 78b13c06a5df7914fbbb4eb404bec6489b7376cb case 41: (1240,1040) -> (1490,910)
ok 42 - city route 78b13c06a5df7914fbbb4eb404bec6489b7376cb case 41: (1240,1040) -> (1490,910)
  ---
  duration_ms: 53.229083
  type: 'test'
  ...
# Subtest: city route 78b13c06a5df7914fbbb4eb404bec6489b7376cb case 42: (1490,910) -> (290,590)
ok 43 - city route 78b13c06a5df7914fbbb4eb404bec6489b7376cb case 42: (1490,910) -> (290,590)
  ---
  duration_ms: 100.859125
  type: 'test'
  ...
# Subtest: city route 78b13c06a5df7914fbbb4eb404bec6489b7376cb case 43: (1490,910) -> (490,650)
ok 44 - city route 78b13c06a5df7914fbbb4eb404bec6489b7376cb case 43: (1490,910) -> (490,650)
  ---
  duration_ms: 73.127625
  type: 'test'
  ...
# Subtest: city route 78b13c06a5df7914fbbb4eb404bec6489b7376cb case 44: (1490,910) -> (730,930)
ok 45 - city route 78b13c06a5df7914fbbb4eb404bec6489b7376cb case 44: (1490,910) -> (730,930)
  ---
  duration_ms: 81.054291
  type: 'test'
  ...
# Subtest: city route 78b13c06a5df7914fbbb4eb404bec6489b7376cb case 45: (1490,910) -> (1230,170)
ok 46 - city route 78b13c06a5df7914fbbb4eb404bec6489b7376cb case 45: (1490,910) -> (1230,170)
  ---
  duration_ms: 80.664583
  type: 'test'
  ...
# Subtest: city route 78b13c06a5df7914fbbb4eb404bec6489b7376cb case 46: (1490,910) -> (930,1010)
ok 47 - city route 78b13c06a5df7914fbbb4eb404bec6489b7376cb case 46: (1490,910) -> (930,1010)
  ---
  duration_ms: 73.699042
  type: 'test'
  ...
# Subtest: city route 78b13c06a5df7914fbbb4eb404bec6489b7376cb case 47: (1490,910) -> (1240,1040)
ok 48 - city route 78b13c06a5df7914fbbb4eb404bec6489b7376cb case 47: (1490,910) -> (1240,1040)
  ---
  duration_ms: 62.717041
  type: 'test'
  ...
# Subtest: city route 78b13c06a5df7914fbbb4eb404bec6489b7376cb case 48: (1490,910) -> (1490,910)
ok 49 - city route 78b13c06a5df7914fbbb4eb404bec6489b7376cb case 48: (1490,910) -> (1490,910)
  ---
  duration_ms: 0.032708
  type: 'test'
  ...
# Subtest: city route 78b13c06a5df7914fbbb4eb404bec6489b7376cb case 49: (297,595) -> (1490,910)
ok 50 - city route 78b13c06a5df7914fbbb4eb404bec6489b7376cb case 49: (297,595) -> (1490,910)
  ---
  duration_ms: 84.437708
  type: 'test'
  ...
# Subtest: city route 78b13c06a5df7914fbbb4eb404bec6489b7376cb case 50: (297,595) -> (820,380)
ok 51 - city route 78b13c06a5df7914fbbb4eb404bec6489b7376cb case 50: (297,595) -> (820,380)
  ---
  duration_ms: 55.372333
  type: 'test'
  ...
# Subtest: city route 78b13c06a5df7914fbbb4eb404bec6489b7376cb case 51: (297,595) -> (65,100)
ok 52 - city route 78b13c06a5df7914fbbb4eb404bec6489b7376cb case 51: (297,595) -> (65,100)
  ---
  duration_ms: 56.06875
  type: 'test'
  ...
# Subtest: city route 78b13c06a5df7914fbbb4eb404bec6489b7376cb case 52: (719,919) -> (1490,910)
ok 53 - city route 78b13c06a5df7914fbbb4eb404bec6489b7376cb case 52: (719,919) -> (1490,910)
  ---
  duration_ms: 58.257542
  type: 'test'
  ...
# Subtest: city route 78b13c06a5df7914fbbb4eb404bec6489b7376cb case 53: (719,919) -> (820,380)
ok 54 - city route 78b13c06a5df7914fbbb4eb404bec6489b7376cb case 53: (719,919) -> (820,380)
  ---
  duration_ms: 44.11
  type: 'test'
  ...
# Subtest: city route 78b13c06a5df7914fbbb4eb404bec6489b7376cb case 54: (719,919) -> (65,100)
ok 55 - city route 78b13c06a5df7914fbbb4eb404bec6489b7376cb case 54: (719,919) -> (65,100)
  ---
  duration_ms: 44.0965
  type: 'test'
  ...
# Subtest: city route 78b13c06a5df7914fbbb4eb404bec6489b7376cb case 55: (899,265) -> (1490,910)
ok 56 - city route 78b13c06a5df7914fbbb4eb404bec6489b7376cb case 55: (899,265) -> (1490,910)
  ---
  duration_ms: 75.884
  type: 'test'
  ...
# Subtest: city route 78b13c06a5df7914fbbb4eb404bec6489b7376cb case 56: (899,265) -> (820,380)
ok 57 - city route 78b13c06a5df7914fbbb4eb404bec6489b7376cb case 56: (899,265) -> (820,380)
  ---
  duration_ms: 40.264459
  type: 'test'
  ...
# Subtest: city route 78b13c06a5df7914fbbb4eb404bec6489b7376cb case 57: (899,265) -> (65,100)
ok 58 - city route 78b13c06a5df7914fbbb4eb404bec6489b7376cb case 57: (899,265) -> (65,100)
  ---
  duration_ms: 39.343791
  type: 'test'
  ...
# Subtest: city route 78b13c06a5df7914fbbb4eb404bec6489b7376cb case 58: (1481,899) -> (1490,910)
ok 59 - city route 78b13c06a5df7914fbbb4eb404bec6489b7376cb case 58: (1481,899) -> (1490,910)
  ---
  duration_ms: 0.040375
  type: 'test'
  ...
# Subtest: city route 78b13c06a5df7914fbbb4eb404bec6489b7376cb case 59: (1481,899) -> (820,380)
ok 60 - city route 78b13c06a5df7914fbbb4eb404bec6489b7376cb case 59: (1481,899) -> (820,380)
  ---
  duration_ms: 55.018667
  type: 'test'
  ...
# Subtest: city route 78b13c06a5df7914fbbb4eb404bec6489b7376cb case 60: (1481,899) -> (65,100)
ok 61 - city route 78b13c06a5df7914fbbb4eb404bec6489b7376cb case 60: (1481,899) -> (65,100)
  ---
  duration_ms: 55.387583
  type: 'test'
  ...
# Subtest: city route 78b13c06a5df7914fbbb4eb404bec6489b7376cb case 61: (820,380) -> (290,590)
ok 62 - city route 78b13c06a5df7914fbbb4eb404bec6489b7376cb case 61: (820,380) -> (290,590)
  ---
  duration_ms: 0.039583
  type: 'test'
  ...
# Subtest: city route 78b13c06a5df7914fbbb4eb404bec6489b7376cb case 62: (null,10) -> (290,590)
ok 63 - city route 78b13c06a5df7914fbbb4eb404bec6489b7376cb case 62: (null,10) -> (290,590)
  ---
  duration_ms: 0.021167
  type: 'test'
  ...
# Subtest: route from pub to lotte has walkable continuous endpoints and segments
ok 64 - route from pub to lotte has walkable continuous endpoints and segments
  ---
  duration_ms: 1.678958
  type: 'test'
  ...
# Subtest: on foot reaches lotte by the public route within bounded steps
ok 65 - on foot reaches lotte by the public route within bounded steps
  ---
  duration_ms: 1.45525
  type: 'test'
  ...
# Subtest: bicycle reaches lotte, follows ride/push constraints, and survives JSON restore
ok 66 - bicycle reaches lotte, follows ride/push constraints, and survives JSON restore
  ---
  duration_ms: 1.174333
  type: 'test'
  ...
# Subtest: route from pub to coffee has walkable continuous endpoints and segments
ok 67 - route from pub to coffee has walkable continuous endpoints and segments
  ---
  duration_ms: 89.868708
  type: 'test'
  ...
# Subtest: on foot reaches coffee by the public route within bounded steps
ok 68 - on foot reaches coffee by the public route within bounded steps
  ---
  duration_ms: 85.457709
  type: 'test'
  ...
# Subtest: bicycle reaches coffee, follows ride/push constraints, and survives JSON restore
ok 69 - bicycle reaches coffee, follows ride/push constraints, and survives JSON restore
  ---
  duration_ms: 85.663542
  type: 'test'
  ...
# Subtest: route from pub to noord has walkable continuous endpoints and segments
ok 70 - route from pub to noord has walkable continuous endpoints and segments
  ---
  duration_ms: 86.452458
  type: 'test'
  ...
# Subtest: on foot reaches noord by the public route within bounded steps
ok 71 - on foot reaches noord by the public route within bounded steps
  ---
  duration_ms: 89.241875
  type: 'test'
  ...
# Subtest: bicycle reaches noord, follows ride/push constraints, and survives JSON restore
ok 72 - bicycle reaches noord, follows ride/push constraints, and survives JSON restore
  ---
  duration_ms: 90.420166
  type: 'test'
  ...
# Subtest: route from pub to market has walkable continuous endpoints and segments
ok 73 - route from pub to market has walkable continuous endpoints and segments
  ---
  duration_ms: 85.246416
  type: 'test'
  ...
# Subtest: on foot reaches market by the public route within bounded steps
ok 74 - on foot reaches market by the public route within bounded steps
  ---
  duration_ms: 88.607625
  type: 'test'
  ...
# Subtest: bicycle reaches market, follows ride/push constraints, and survives JSON restore
ok 75 - bicycle reaches market, follows ride/push constraints, and survives JSON restore
  ---
  duration_ms: 87.068791
  type: 'test'
  ...
# Subtest: route from pub to flowers has walkable continuous endpoints and segments
ok 76 - route from pub to flowers has walkable continuous endpoints and segments
  ---
  duration_ms: 105.579584
  type: 'test'
  ...
# Subtest: on foot reaches flowers by the public route within bounded steps
ok 77 - on foot reaches flowers by the public route within bounded steps
  ---
  duration_ms: 108.23325
  type: 'test'
  ...
# Subtest: bicycle reaches flowers, follows ride/push constraints, and survives JSON restore
ok 78 - bicycle reaches flowers, follows ride/push constraints, and survives JSON restore
  ---
  duration_ms: 108.613834
  type: 'test'
  ...
# Subtest: route from pub to lab has walkable continuous endpoints and segments
ok 79 - route from pub to lab has walkable continuous endpoints and segments
  ---
  duration_ms: 121.57375
  type: 'test'
  ...
# Subtest: on foot reaches lab by the public route within bounded steps
ok 80 - on foot reaches lab by the public route within bounded steps
  ---
  duration_ms: 124.113
  type: 'test'
  ...
# Subtest: bicycle reaches lab, follows ride/push constraints, and survives JSON restore
ok 81 - bicycle reaches lab, follows ride/push constraints, and survives JSON restore
  ---
  duration_ms: 126.887542
  type: 'test'
  ...
# Subtest: all named destinations are mutually reachable through finite walkable routes
ok 82 - all named destinations are mutually reachable through finite walkable routes
  ---
  duration_ms: 3655.908625
  type: 'test'
  ...
# Subtest: route to open water snaps to the nearest reachable node only when origin is valid
ok 83 - route to open water snaps to the nearest reachable node only when origin is valid
  ---
  duration_ms: 75.575042
  type: 'test'
  ...
# Subtest: moveAlong uses a restored midpath position and then completes the remaining route
ok 84 - moveAlong uses a restored midpath position and then completes the remaining route
  ---
  duration_ms: 124.900667
  type: 'test'
  ...
# Subtest: historical algorithm fixtures restore and continue deterministically
ok 85 - historical algorithm fixtures restore and continue deterministically
  ---
  duration_ms: 18.925625
  type: 'test'
  ...
# Subtest: active market travel reaches the market event, exit advances, and return settles once
ok 86 - active market travel reaches the market event, exit advances, and return settles once
  ---
  duration_ms: 22.612458
  type: 'test'
  ...
# Subtest: restore rejects malformed nested historical auto and player data
ok 87 - restore rejects malformed nested historical auto and player data
  ---
  duration_ms: 1.216083
  type: 'test'
  ...
# test-algorithm-physics ok 18294 checks
# Subtest: tools/prototype/test-algorithm-physics.js
ok 4 - tools/prototype/test-algorithm-physics.js
  ---
  duration_ms: 1303.61425
  type: 'test'
  ...
# Subtest: manual command disables initial autopilot and zero-input step advances time
ok 89 - manual command disables initial autopilot and zero-input step advances time
  ---
  duration_ms: 3.855
  type: 'test'
  ...
# Subtest: restore during travel preserves goal/event/disabled mode and JSON continuation
ok 90 - restore during travel preserves goal/event/disabled mode and JSON continuation
  ---
  duration_ms: 3.76975
  type: 'test'
  ...
# Subtest: validator accepts maximum uint32 seed and rejects unknown command or nonfinite aim
ok 91 - validator accepts maximum uint32 seed and rejects unknown command or nonfinite aim
  ---
  duration_ms: 0.283084
  type: 'test'
  ...
# Subtest: action, per-action step, and total-step bounds fail before simulation
ok 92 - action, per-action step, and total-step bounds fail before simulation
  ---
  duration_ms: 0.085875
  type: 'test'
  ...
# Subtest: default corpus replays deterministically and explicitly handles glimpse choices
ok 93 - default corpus replays deterministically and explicitly handles glimpse choices
  ---
  duration_ms: 685.323542
  type: 'test'
  ...
# Subtest: reducer rejects malformed transcript and successful replay
ok 94 - reducer rejects malformed transcript and successful replay
  ---
  duration_ms: 0.273458
  type: 'test'
  ...
# Subtest: reducer caps replays at supplied budget and supplied budget is bounded to 100
ok 95 - reducer caps replays at supplied budget and supplied budget is bounded to 100
  ---
  duration_ms: 0.824625
  type: 'test'
  ...
# Subtest: reducer removes extraneous actions while preserving stable failure kind
ok 96 - reducer removes extraneous actions while preserving stable failure kind
  ---
  duration_ms: 2.740708
  type: 'test'
  ...
# Subtest: deterministic bounded route matrix: seeds x days x kits x natural routes
ok 97 - deterministic bounded route matrix: seeds x days x kits x natural routes
  ---
  duration_ms: 9134.328459
  type: 'test'
  ...
# Subtest: natural routes really collect or operate physical district targets without teleporting
ok 98 - natural routes really collect or operate physical district targets without teleporting
  ---
  duration_ms: 1091.23725
  type: 'test'
  ...
# Subtest: mid-travel restore preserves route state and can continue to a completion
ok 99 - mid-travel restore preserves route state and can continue to a completion
  ---
  duration_ms: 549.457208
  type: 'test'
  ...
# Subtest: SYNTHETIC: avoidable dynamic barrel reroutes and completes
ok 100 - SYNTHETIC: avoidable dynamic barrel reroutes and completes
  ---
  duration_ms: 159.220541
  type: 'test'
  ...
# Subtest: SYNTHETIC: near-target line-of-sight obstruction keeps loot world, then hook route can complete
ok 101 - SYNTHETIC: near-target line-of-sight obstruction keeps loot world, then hook route can complete
  ---
  duration_ms: 24.977792
  type: 'test'
  ...
# Subtest: SYNTHETIC: full cargo produces an explicit capacity event and requires an explicit resolution
ok 102 - SYNTHETIC: full cargo produces an explicit capacity event and requires an explicit resolution
  ---
  duration_ms: 0.94225
  type: 'test'
  ...
# Subtest: SYNTHETIC: unavailable target after midtravel state change returns to a retryable location event
ok 103 - SYNTHETIC: unavailable target after midtravel state change returns to a retryable location event
  ---
  duration_ms: 1.142709
  type: 'test'
  ...
# Subtest: explicit recoverable events are distinguished from navigation stuck
ok 104 - explicit recoverable events are distinguished from navigation stuck
  ---
  duration_ms: 35.904042
  type: 'test'
  ...
# Subtest: start/open/close, choice-pause roundtrip, replay, settlement, and reports
ok 105 - start/open/close, choice-pause roundtrip, replay, settlement, and reports
  ---
  duration_ms: 29.34625
  type: 'test'
  ...
# Subtest: midtravel save continues identically in the original and restored runs
ok 106 - midtravel save continues identically in the original and restored runs
  ---
  duration_ms: 23.165708
  type: 'test'
  ...
# Subtest: three-day automatic route collects a real sorting spare then permanently repairs garden
ok 107 - three-day automatic route collects a real sorting spare then permanently repairs garden
  ---
  duration_ms: 203.457208
  type: 'test'
  ...
# Subtest: legitimate capacity, expiration rescue, exit extraction, and malformed nested saves fail without mutation
ok 108 - legitimate capacity, expiration rescue, exit extraction, and malformed nested saves fail without mutation
  ---
  duration_ms: 15.980542
  type: 'test'
  ...
# ✓ new expeditions default to a paused automatic choice while manual stays available
# ✓ reading choices freezes actors, cargo, cooldowns and expedition time
# ✓ automatic choices travel through the actual city and settle the Noor and greenhouse loop
# ✓ choosing to keep the box leads to the kept consequence rather than a fake handover
# ✓ a full bag pauses for an explicit cargo decision and does not silently discard goods
# ✓ switching control does not teleport or consume time and invalidates the old route
# ✓ pending and travelling saves resume valid decisions, legacy runs remain valid, malformed auto state rejects
# ✓ automatic input leaves global pause, help, Escape and browser navigation shortcuts available
# ✓ delivered parcels are not offered again as a destination that secretly goes somewhere else
# ✓ a real journey can reveal a greenhouse detour without discarding the original route
# ✓ following the flower worker replaces the route with an actual greenhouse visit
# 11 automatic exploration behavioral tests passed.
# Subtest: tools/prototype/test-backstage-auto.js
ok 8 - tools/prototype/test-backstage-auto.js
  ---
  duration_ms: 352.750667
  type: 'test'
  ...
# ✓ expedition enters after closing and preserves pub stock
# ✓ seed/day repeat encounters exactly, with different routes on later visits
# ✓ walking and dash cannot tunnel through shelving or the greenhouse gate
# ✓ a directional hook retrieves moving goods but respects walls and range
# ✓ goods auto-stow, capacity is enforced, and dropping frees the last bag slot
# ✓ foam interrupts a charging machine and expires after its useful window
# ✓ the greenhouse lever opens a physical route and discovery survives another run
# ✓ contraband requires deliberate pickup, never enters beer or ingredient rewards
# ✓ discovering the greenhouse opens a second safe extraction route
# ✓ Noor receives a physically carried parcel only once
# ✓ safe extraction preserves cargo; bailout loses cargo but preserves discoveries
# ✓ time expiration ends a run with recoverable partial cargo, never touches home funds
# ✓ returning cargo settles once and Noor becomes a recognizable evening guest
# ✓ older saves migrate without losing cash, batches, day or relationships
# ✓ refresh roundtrips a running expedition; malformed coordinates and cargo reject
# ✓ stationary pointer stays aimed to the right as the camera follows a moving player
# 16 backstage behavioral tests passed.
# Subtest: tools/prototype/test-backstage.js
ok 9 - tools/prototype/test-backstage.js
  ---
  duration_ms: 137.568334
  type: 'test'
  ...
# Subtest: day and night character stories
    # Subtest: day invitation is free, optional, limited to one accepted thread per evening
    ok 1 - day invitation is free, optional, limited to one accepted thread per evening
      ---
      duration_ms: 4.27275
      type: 'test'
      ...
    # Subtest: character choice freezes an active pour, timer and guests until a valid reply
    ok 2 - character choice freezes an active pour, timer and guests until a valid reply
      ---
      duration_ms: 6.323666
      type: 'test'
      ...
    # Subtest: Marta felt choice spends once and affects only still-present guests
    ok 3 - Marta felt choice spends once and affects only still-present guests
      ---
      duration_ms: 4.315042
      type: 'test'
      ...
    # Subtest: Bram introduces Inez and meal changes a real order without paying wages twice
    ok 4 - Bram introduces Inez and meal changes a real order without paying wages twice
      ---
      duration_ms: 15.028583
      type: 'test'
      ...
    # Subtest: Ada gift consumes one actual ale, water stays free and no ingredients are granted
    ok 5 - Ada gift consumes one actual ale, water stays free and no ingredients are granted
      ---
      duration_ms: 12.22
      type: 'test'
      ...
    # Subtest: zero cash and empty ale keep a free story choice available
    ok 6 - zero cash and empty ale keep a free story choice available
      ---
      duration_ms: 8.041792
      type: 'test'
      ...
    # Subtest: closing before or during a promised scene records missed, not a chosen reply
    ok 7 - closing before or during a promised scene records missed, not a chosen reply
      ---
      duration_ms: 3.758458
      type: 'test'
      ...
    # Subtest: three distinct stories finish on their own nights and remain in the ending
    ok 8 - three distinct stories finish on their own nights and remain in the ending
      ---
      duration_ms: 9.650417
      type: 'test'
      ...
    # Subtest: legacy ongoing nights gain no surprise scene and preserve orders and pours
    ok 9 - legacy ongoing nights gain no surprise scene and preserve orders and pours
      ---
      duration_ms: 3.029041
      type: 'test'
      ...
    # Subtest: story save rejects duplicate identities, contradictory choices and forged service
    ok 10 - story save rejects duplicate identities, contradictory choices and forged service
      ---
      duration_ms: 3.078625
      type: 'test'
      ...
    # Subtest: greenhouse work changes Ada dialogue and after-hours exploration keeps story results
    ok 11 - greenhouse work changes Ada dialogue and after-hours exploration keeps story results
      ---
      duration_ms: 4.740958
      type: 'test'
      ...
    # Subtest: Noor, delivery reservation and character guest coexist without consuming protected stout
    ok 12 - Noor, delivery reservation and character guest coexist without consuming protected stout
      ---
      duration_ms: 105.7605
      type: 'test'
      ...
    1..12
ok 111 - day and night character stories
  ---
  duration_ms: 181.635
  type: 'test'
  ...
# Subtest: new cities and legacy saves receive an independent bicycle at the pub
ok 112 - new cities and legacy saves receive an independent bicycle at the pub
  ---
  duration_ms: 1.138
  type: 'test'
  ...
# Subtest: legacy saves covered by the added flower facade keep their visited places
ok 113 - legacy saves covered by the added flower facade keep their visited places
  ---
  duration_ms: 0.16925
  type: 'test'
  ...
# Subtest: relocating a flower-facade save retains an independently parked bicycle
ok 114 - relocating a flower-facade save retains an independently parked bicycle
  ---
  duration_ms: 0.096958
  type: 'test'
  ...
# Subtest: flower-facade migration does not admit nonfinite coordinates or corrupt visits
ok 115 - flower-facade migration does not admit nonfinite coordinates or corrupt visits
  ---
  duration_ms: 0.11425
  type: 'test'
  ...
# Subtest: malformed bicycle data resets the bicycle while retaining valid player progress
ok 116 - malformed bicycle data resets the bicycle while retaining valid player progress
  ---
  duration_ms: 0.311292
  type: 'test'
  ...
# Subtest: mounting requires proximity and dismounting keeps the bicycle at the player
ok 117 - mounting requires proximity and dismounting keeps the bicycle at the player
  ---
  duration_ms: 0.189208
  type: 'test'
  ...
# Subtest: parking on entry dismounts locally and never recalls a distant bicycle
ok 118 - parking on entry dismounts locally and never recalls a distant bicycle
  ---
  duration_ms: 0.105125
  type: 'test'
  ...
# Subtest: manual movement preserves visits, moves a ridden bicycle, and leaves a parked one behind
ok 119 - manual movement preserves visits, moves a ridden bicycle, and leaves a parked one behind
  ---
  duration_ms: 0.433166
  type: 'test'
  ...
# Subtest: automatic movement uses bicycle speed and retains the complete city state
ok 120 - automatic movement uses bicycle speed and retains the complete city state
  ---
  duration_ms: 0.404084
  type: 'test'
  ...
# Subtest: bicycles cross every bridge and ferry both ways without being left behind
ok 121 - bicycles cross every bridge and ferry both ways without being left behind
  ---
  duration_ms: 4.855208
  type: 'test'
  ...
# Subtest: manual narrow-bridge movement pushes the bicycle, can park, and can take it again
ok 122 - manual narrow-bridge movement pushes the bicycle, can park, and can take it again
  ---
  duration_ms: 0.336167
  type: 'test'
  ...
# Subtest: manual riding crosses a wide bridge and parked bicycles never follow automatically
ok 123 - manual riding crosses a wide bridge and parked bicycles never follow automatically
  ---
  duration_ms: 0.303958
  type: 'test'
  ...
# Subtest: bicycle speed never tunnels through a canal or facade
ok 124 - bicycle speed never tunnels through a canal or facade
  ---
  duration_ms: 2.070667
  type: 'test'
  ...
# Subtest: the same city renders night lighting and discovered map notes
ok 125 - the same city renders night lighting and discovered map notes
  ---
  duration_ms: 4.72475
  type: 'test'
  ...
# Subtest: summary can render the city without requiring an interior pub state
ok 126 - summary can render the city without requiring an interior pub state
  ---
  duration_ms: 1.161375
  type: 'test'
  ...
# Subtest: the bicycle and basket bouquet remain visible at the parked location
ok 127 - the bicycle and basket bouquet remain visible at the parked location
  ---
  duration_ms: 4.652625
  type: 'test'
  ...
# Subtest: a displayed bouquet appears in the pub window and uses the chosen wrapping
ok 128 - a displayed bouquet appears in the pub window and uses the chosen wrapping
  ---
  duration_ms: 4.162625
  type: 'test'
  ...
# Subtest: city consequence quality
    # Subtest: low reserved stout batch stays restorable while the contract cup pours and settles once
    ok 1 - low reserved stout batch stays restorable while the contract cup pours and settles once
      ---
      duration_ms: 181.361875
      type: 'test'
      ...
    # Subtest: a fulfilled contract can never settle a second time
    ok 2 - a fulfilled contract can never settle a second time
      ---
      duration_ms: 159.132625
      type: 'test'
      ...
    # Subtest: day-3 same-day delivery order fulfils that night and the ending restores
    ok 3 - day-3 same-day delivery order fulfils that night and the ending restores
      ---
      duration_ms: 220.303
      type: 'test'
      ...
    # Subtest: prep cancel releases the reserved cup and no contract guest is ever attached
    ok 4 - prep cancel releases the reserved cup and no contract guest is ever attached
      ---
      duration_ms: 143.045333
      type: 'test'
      ...
    # Subtest: missed administrator marks the contract missed and releases the cup at night end
    ok 5 - missed administrator marks the contract missed and releases the cup at night end
      ---
      duration_ms: 206.628875
      type: 'test'
      ...
    1..5
ok 129 - city consequence quality
  ---
  duration_ms: 911.385583
  type: 'test'
  ...
# Subtest: city journey quality
    # Subtest: bounded real-action graph: v4 delivery has no invalid or trapped states
    ok 1 - bounded real-action graph: v4 delivery has no invalid or trapped states
      ---
      duration_ms: 2323.158833
      type: 'test'
      ...
    # Subtest: bounded real-action graph: rail v1 has no invalid or trapped states
    ok 2 - bounded real-action graph: rail v1 has no invalid or trapped states
      ---
      duration_ms: 72.746792
      type: 'test'
      ...
    # Subtest: reading a choice freezes the outbound clock and clocks resume after
    ok 3 - reading a choice freezes the outbound clock and clocks resume after
      ---
      duration_ms: 3.514125
      type: 'test'
      ...
    # Subtest: parcel 55s and delivery deadline 40s use inclusive boundaries
    ok 4 - parcel 55s and delivery deadline 40s use inclusive boundaries
      ---
      duration_ms: 11.480875
      type: 'test'
      ...
    # Subtest: tidy and table stay inside elapsed and quality bounds
    ok 5 - tidy and table stay inside elapsed and quality bounds
      ---
      duration_ms: 3.223917
      type: 'test'
      ...
    # Subtest: legacy v1-v3 saves keep their shape through JSON round trips
    ok 6 - legacy v1-v3 saves keep their shape through JSON round trips
      ---
      duration_ms: 0.369541
      type: 'test'
      ...
    # Subtest: integration: full delivery via Reopening settles once and keeps real clocks
    ok 7 - integration: full delivery via Reopening settles once and keeps real clocks
      ---
      duration_ms: 11.302291
      type: 'test'
      ...
    1..7
ok 130 - city journey quality
  ---
  duration_ms: 2426.84825
  type: 'test'
  ...
# ✓ CommonJS and browser expose the same public contract
# ✓ map geometry and named destinations match the shared scene contract
# ✓ facades use fixed positions and decorative buildings stay on dry land
# ✓ walkability keeps an eight-unit safety margin from bounds, water, and buildings
# ✓ all 49 ordered destination routes are reachable and every segment is safe
# ✓ the Noord route crosses the IJ only through the ferry corridor
# ✓ routing safely joins exact positions and snaps blocked targets
# ✓ movement normalizes diagonals, clamps elapsed time, and cannot cross obstacles
# ✓ moveAlong advances at walking speed without mutating its inputs
# ✓ near selects the closest destination within the requested radius
# ✓ city state creation and restoration are strict, cloned, and independent
# ✓ zoomed camera keeps a player visible at every dry map corner
# ✓ zoom follows a central player and map clicks invert the actual render transform
# 13 city tests passed.
# Subtest: tools/prototype/test-city.js
ok 14 - tools/prototype/test-city.js
  ---
  duration_ms: 2917.996333
  type: 'test'
  ...
# Subtest: expeditions start after closing, return to the same night, and do not use tomorrow’s actions
ok 132 - expeditions start after closing, return to the same night, and do not use tomorrow’s actions
  ---
  duration_ms: 6.427
  type: 'test'
  ...
# Subtest: after-hours cash does not rewrite the business receipt; Noor appears the next evening
ok 133 - after-hours cash does not rewrite the business receipt; Noor appears the next evening
  ---
  duration_ms: 3.676042
  type: 'test'
  ...
# Subtest: old in-progress daytime expedition saves keep their departure phase
ok 134 - old in-progress daytime expedition saves keep their departure phase
  ---
  duration_ms: 0.932208
  type: 'test'
  ...
# Subtest: flower arrangement is optional, cancellable, and pays only when three distinct stems are wrapped
ok 135 - flower arrangement is optional, cancellable, and pays only when three distinct stems are wrapped
  ---
  duration_ms: 1.381041
  type: 'test'
  ...
# Subtest: one bouquet can be stored, retrieved and gifted once; it never becomes brewing stock
ok 136 - one bouquet can be stored, retrieved and gifted once; it never becomes brewing stock
  ---
  duration_ms: 1.161708
  type: 'test'
  ...
# Subtest: a matching window arrangement improves actual guest patience and survives the night
ok 137 - a matching window arrangement improves actual guest patience and survives the night
  ---
  duration_ms: 1.376167
  type: 'test'
  ...
# Subtest: malformed flower saves are rejected while legacy saves migrate
ok 138 - malformed flower saves are rejected while legacy saves migrate
  ---
  duration_ms: 0.955291
  type: 'test'
  ...
# Subtest: skipping a later expedition keeps dated discoveries rather than inventing last-night cargo
ok 139 - skipping a later expedition keeps dated discoveries rather than inventing last-night cargo
  ---
  duration_ms: 1.878958
  type: 'test'
  ...
# Subtest: delivery orders
    # Subtest: table flower agreement becomes a lower-price order fulfilled from ordinary stock
    ok 1 - table flower agreement becomes a lower-price order fulfilled from ordinary stock
      ---
      duration_ms: 49.480041
      type: 'test'
      ...
    # Subtest: order checklist distinguishes missing stock, unprotected stock and a reserved cup
    ok 2 - order checklist distinguishes missing stock, unprotected stock and a reserved cup
      ---
      duration_ms: 1.264541
      type: 'test'
      ...
    # Subtest: advance notice reaches the order as a remembered handoff without changing concert terms
    ok 3 - advance notice reaches the order as a remembered handoff without changing concert terms
      ---
      duration_ms: 110.672708
      type: 'test'
      ...
    # Subtest: successful delivery offers but does not accept or grant music
    ok 4 - successful delivery offers but does not accept or grant music
      ---
      duration_ms: 0.82025
      type: 'test'
      ...
    # Subtest: accepted order protects inventory, uses chosen batch and pays exactly once
    ok 5 - accepted order protects inventory, uses chosen batch and pays exactly once
      ---
      duration_ms: 8.775625
      type: 'test'
      ...
    # Subtest: cancel and release are distinct, missing or closing has a terminal consequence
    ok 6 - cancel and release are distinct, missing or closing has a terminal consequence
      ---
      duration_ms: 2.00325
      type: 'test'
      ...
    # Subtest: third-day invitation resolves that night, never day four
    ok 7 - third-day invitation resolves that night, never day four
      ---
      duration_ms: 106.479791
      type: 'test'
      ...
    # Subtest: forged contracts and missing or oversubscribed reservations are rejected
    ok 8 - forged contracts and missing or oversubscribed reservations are rejected
      ---
      duration_ms: 0.564458
      type: 'test'
      ...
    # Subtest: one remaining reserved cup cannot be sold to another customer or gifted
    ok 9 - one remaining reserved cup cannot be sold to another customer or gifted
      ---
      duration_ms: 7.99875
      type: 'test'
      ...
    1..9
ok 140 - delivery orders
  ---
  duration_ms: 395.325083
  type: 'test'
  ...
# Subtest: new route menu can start with any district or immediately return without losing cargo
ok 141 - new route menu can start with any district or immediately return without losing cargo
  ---
  duration_ms: 2.934167
  type: 'test'
  ...
# Subtest: sorting choices operate the real switch then preserve choice of onward route
ok 142 - sorting choices operate the real switch then preserve choice of onward route
  ---
  duration_ms: 325.549459
  type: 'test'
  ...
# Subtest: three sorting approaches collect physical cargo in every situation and kit, including restored travel
ok 143 - three sorting approaches collect physical cargo in every situation and kit, including restored travel
  ---
  duration_ms: 1514.979292
  type: 'test'
  ...
# Subtest: greenhouse valve and harvest choices really travel to their objects
ok 144 - greenhouse valve and harvest choices really travel to their objects
  ---
  duration_ms: 38.72675
  type: 'test'
  ...
# Subtest: repair choice only appears with a real spare, consumes it once and returns to greenhouse choices
ok 145 - repair choice only appears with a real spare, consumes it once and returns to greenhouse choices
  ---
  duration_ms: 52.682041
  type: 'test'
  ...
# Subtest: capacity chooses which kind to drop and never discards a different last item
ok 146 - capacity chooses which kind to drop and never discards a different last item
  ---
  duration_ms: 0.25125
  type: 'test'
  ...
# Subtest: old v3 keeps its old route and rejects new-only automatic goals
ok 147 - old v3 keeps its old route and rejects new-only automatic goals
  ---
  duration_ms: 0.324542
  type: 'test'
  ...
# Subtest: malformed legacy automatic visits reject cleanly
ok 148 - malformed legacy automatic visits reject cleanly
  ---
  duration_ms: 0.064167
  type: 'test'
  ...
# Subtest: sorting arrival records an actual visit before a player can immediately leave
ok 149 - sorting arrival records an actual visit before a player can immediately leave
  ---
  duration_ms: 30.145583
  type: 'test'
  ...
# Subtest: intercepted switch hook reports failure instead of recording a completed reverse
ok 150 - intercepted switch hook reports failure instead of recording a completed reverse
  ---
  duration_ms: 0.497458
  type: 'test'
  ...
# Subtest: dropping the only spare while travelling to repair gives a retryable failure
ok 151 - dropping the only spare while travelling to repair gives a retryable failure
  ---
  duration_ms: 0.964083
  type: 'test'
  ...
# Subtest: new v4 runs retain all 17 item identities and expose exact district geometry
ok 152 - new v4 runs retain all 17 item identities and expose exact district geometry
  ---
  duration_ms: 2.083542
  type: 'test'
  ...
# Subtest: belt moves world loot east or west, and off stops motion
ok 153 - belt moves world loot east or west, and off stops motion
  ---
  duration_ms: 3.483375
  type: 'test'
  ...
# Subtest: foam pauses only objects whose centers are inside the local patch
ok 154 - foam pauses only objects whose centers are inside the local patch
  ---
  duration_ms: 0.552084
  type: 'test'
  ...
# Subtest: belt leaves bagged and delivered items alone and pushes the player through collision movement
ok 155 - belt leaves bagged and delivered items alone and pushes the player through collision movement
  ---
  duration_ms: 2.12275
  type: 'test'
  ...
# Subtest: nearby E toggles the switch and hook reverses it within real range
ok 156 - nearby E toggles the switch and hook reverses it within real range
  ---
  duration_ms: 0.822958
  type: 'test'
  ...
# Subtest: switch LOS and hook range block the effect even though hook firing itself succeeds
ok 157 - switch LOS and hook range block the effect even though hook firing itself succeeds
  ---
  duration_ms: 0.144292
  type: 'test'
  ...
# Subtest: valve closes sprinklers for 12 simulation seconds and auto choice freezes the countdown
ok 158 - valve closes sprinklers for 12 simulation seconds and auto choice freezes the countdown
  ---
  duration_ms: 9.630875
  type: 'test'
  ...
# Subtest: hook can close a visible valve but cannot pass glass or exceed reach
ok 159 - hook can close a visible valve but cannot pass glass or exceed reach
  ---
  duration_ms: 0.152166
  type: 'test'
  ...
# Subtest: wet ground slows walking at a legal y490 route and drift respects the greenhouse wall
ok 160 - wet ground slows walking at a legal y490 route and drift respects the greenhouse wall
  ---
  duration_ms: 1.31
  type: 'test'
  ...
# Subtest: repair needs a nearby visible valve and salvage, consumes one part exactly once and persists
ok 161 - repair needs a nearby visible valve and salvage, consumes one part exactly once and persists
  ---
  duration_ms: 0.716625
  type: 'test'
  ...
# Subtest: drop selects a bag item, rejects unknown/world ids without inventory mutation, and preserves throw behavior
ok 162 - drop selects a bag item, rejects unknown/world ids without inventory mutation, and preserves throw behavior
  ---
  duration_ms: 0.293458
  type: 'test'
  ...
# Subtest: ordinary E and collect use exact requested item, 45 range, LOS and capacity
ok 163 - ordinary E and collect use exact requested item, 45 range, LOS and capacity
  ---
  duration_ms: 0.223375
  type: 'test'
  ...
# Subtest: ordinary auto pickup checks LOS in v4 while old v3 keeps original pickup behavior
ok 164 - ordinary auto pickup checks LOS in v4 while old v3 keeps original pickup behavior
  ---
  duration_ms: 0.144417
  type: 'test'
  ...
# Subtest: visited records unique entered zones only, survives restore and remains separate from choice intent
ok 165 - visited records unique entered zones only, survives restore and remains separate from choice intent
  ---
  duration_ms: 0.408084
  type: 'test'
  ...
# Subtest: v1/v2/v3 restore without adding district and old v3 retains location behavior only
ok 166 - v1/v2/v3 restore without adding district and old v3 retains location behavior only
  ---
  duration_ms: 1.9905
  type: 'test'
  ...
# Subtest: restore validates district structure, discoveries and all seven outcome ids
ok 167 - restore validates district structure, discoveries and all seven outcome ids
  ---
  duration_ms: 0.8095
  type: 'test'
  ...
# Subtest: v4 snapshots all three daytime clues while v3 keeps its original two-clue schema
ok 168 - v4 snapshots all three daytime clues while v3 keeps its original two-clue schema
  ---
  duration_ms: 0.394417
  type: 'test'
  ...
# Subtest: the promised sorting spare starts on the working conveyor and actually travels
ok 169 - the promised sorting spare starts on the working conveyor and actually travels
  ---
  duration_ms: 0.746167
  type: 'test'
  ...
# Subtest: new and legacy games have an independent empty exploration journal
ok 170 - new and legacy games have an independent empty exploration journal
  ---
  duration_ms: 2.5595
  type: 'test'
  ...
# Subtest: lab clue is free and included in tonight’s expedition; next day clears only clues
ok 171 - lab clue is free and included in tonight’s expedition; next day clears only clues
  ---
  duration_ms: 3.911708
  type: 'test'
  ...
# Subtest: repair consumes a real spare, survives bail and next night, and never rewrites the closed ledger
ok 172 - repair consumes a real spare, survives bail and next night, and never rewrites the closed ledger
  ---
  duration_ms: 2.32475
  type: 'test'
  ...
# Subtest: journal records real district visits and final cargo once, across all three nights
ok 173 - journal records real district visits and final cargo once, across all three nights
  ---
  duration_ms: 12.908875
  type: 'test'
  ...
# Subtest: journal rejects impossible day, duplicate visits, inflated values, and unrecognized outcomes
ok 174 - journal rejects impossible day, duplicate visits, inflated values, and unrecognized outcomes
  ---
  duration_ms: 1.383166
  type: 'test'
  ...
# Subtest: flower network
    # Subtest: Ada route is free but learning an address does not claim a visit
    ok 1 - Ada route is free but learning an address does not claim a visit
      ---
      duration_ms: 2.726
      type: 'test'
      ...
    # Subtest: walking or following reaches a real entry without teleporting the bicycle
    ok 2 - walking or following reaches a real entry without teleporting the bicycle
      ---
      duration_ms: 177.116583
      type: 'test'
      ...
    # Subtest: distant or malformed visits fail and repeat visits grant no resources
    ok 3 - distant or malformed visits fail and repeat visits grant no resources
      ---
      duration_ms: 2.110709
      type: 'test'
      ...
    # Subtest: day discovery unlocks the existing night exit and actual repair returns to the next delivery
    ok 4 - day discovery unlocks the existing night exit and actual repair returns to the next delivery
      ---
      duration_ms: 4.106875
      type: 'test'
      ...
    # Subtest: old current trips are not migrated to v4 and old discoveries seed the network
    ok 5 - old current trips are not migrated to v4 and old discoveries seed the network
      ---
      duration_ms: 0.588334
      type: 'test'
      ...
    # Subtest: network state rejects invented sources and contradictory visits
    ok 6 - network state rejects invented sources and contradictory visits
      ---
      duration_ms: 0.609125
      type: 'test'
      ...
    1..6
ok 175 - flower network
  ---
  duration_ms: 188.26025
  type: 'test'
  ...
# Subtest: journey integration
    # Subtest: notice persists across restore and settles with unchanged preparation and private inventory
    ok 1 - notice persists across restore and settles with unchanged preparation and private inventory
      ---
      duration_ms: 117.266958
      type: 'test'
      ...
    # Subtest: existing v2 trip restores without adding care rules or changing pending parcel
    ok 2 - existing v2 trip restores without adding care rules or changing pending parcel
      ---
      duration_ms: 101.210375
      type: 'test'
      ...
    # Subtest: quality premium uses an explicitly selected batch, base price remains available
    ok 3 - quality premium uses an explicitly selected batch, base price remains available
      ---
      duration_ms: 1.502833
      type: 'test'
      ...
    # Subtest: ongoing legacy night and delivery keep previous rules after migration
    ok 4 - ongoing legacy night and delivery keep previous rules after migration
      ---
      duration_ms: 1.167708
      type: 'test'
      ...
    # Subtest: old saves migrate without changing economic progress
    ok 5 - old saves migrate without changing economic progress
      ---
      duration_ms: 0.173667
      type: 'test'
      ...
    # Subtest: complete trip is immutable, restorable and settles exactly once
    ok 6 - complete trip is immutable, restorable and settles exactly once
      ---
      duration_ms: 90.43075
      type: 'test'
      ...
    # Subtest: invalid and unrelated actions leave journey untouched
    ok 7 - invalid and unrelated actions leave journey untouched
      ---
      duration_ms: 0.498333
      type: 'test'
      ...
    # Subtest: private bouquet cannot be overwritten by a commission
    ok 8 - private bouquet cannot be overwritten by a commission
      ---
      duration_ms: 0.840166
      type: 'test'
      ...
    # Subtest: invalid journey state is rejected on restore
    ok 9 - invalid journey state is rejected on restore
      ---
      duration_ms: 0.565959
      type: 'test'
      ...
    # Subtest: rail roundtrip persists all stages and settles reward minus actual fares
    ok 10 - rail roundtrip persists all stages and settles reward minus actual fares
      ---
      duration_ms: 139.273958
      type: 'test'
      ...
    1..10
ok 176 - journey integration
  ---
  duration_ms: 454.451583
  type: 'test'
  ...
# Subtest: journey rules
    # Subtest: garden detour charges time and materials once, keeps parcel and can resume delivery
    ok 1 - garden detour charges time and materials once, keeps parcel and can resume delivery
      ---
      duration_ms: 18.785958
      type: 'test'
      ...
    # Subtest: garden routing can be cancelled and ordinary trips keep the direct destination
    ok 2 - garden routing can be cancelled and ordinary trips keep the direct destination
      ---
      duration_ms: 2.351167
      type: 'test'
      ...
    # Subtest: a repaired pump changes movement and a stranger can leave without money
    ok 3 - a repaired pump changes movement and a stranger can leave without money
      ---
      duration_ms: 6.402542
      type: 'test'
      ...
    # Subtest: healthy flowers never lose quality at the table and remote cargo stays remote
    ok 4 - healthy flowers never lose quality at the table and remote cargo stays remote
      ---
      duration_ms: 3.465042
      type: 'test'
      ...
    # Subtest: advance notice trades five seconds and two euros for an eighty-second handoff
    ok 5 - advance notice trades five seconds and two euros for an eighty-second handoff
      ---
      duration_ms: 5.755125
      type: 'test'
      ...
    # Subtest: notice deadline and late handoff use inclusive boundaries without retroactive extension
    ok 6 - notice deadline and late handoff use inclusive boundaries without retroactive extension
      ---
      duration_ms: 4.809583
      type: 'test'
      ...
    # Subtest: damaged flowers can become table flowers without healing or duplicate payment
    ok 7 - damaged flowers can become table flowers without healing or duplicate payment
      ---
      duration_ms: 2.305542
      type: 'test'
      ...
    # Subtest: table flower quality boundaries, tidy cost and forged care data are validated
    ok 8 - table flower quality boundaries, tidy cost and forged care data are validated
      ---
      duration_ms: 3.4925
      type: 'test'
      ...
    # Subtest: v1 and v2 in-flight journeys remain on their original rules
    ok 9 - v1 and v2 in-flight journeys remain on their original rules
      ---
      duration_ms: 10.772375
      type: 'test'
      ...
    # Subtest: new two-slot delivery visits parcel stop and settles each item once
    ok 10 - new two-slot delivery visits parcel stop and settles each item once
      ---
      duration_ms: 19.0215
      type: 'test'
      ...
    # Subtest: packing swaps exactly two slots and cancellation returns undelivered cargo
    ok 11 - packing swaps exactly two slots and cancellation returns undelivered cargo
      ---
      duration_ms: 0.34625
      type: 'test'
      ...
    # Subtest: both routes complete with cargo, return bicycle and deterministic states
    ok 12 - both routes complete with cargo, return bicycle and deterministic states
      ---
      duration_ms: 26.318709
      type: 'test'
      ...
    # Subtest: fast stone route damages flowers, padding limits damage
    ok 13 - fast stone route damages flowers, padding limits damage
      ---
      duration_ms: 1.488875
      type: 'test'
      ...
    # Subtest: detour avoids combat and still reaches delivery
    ok 14 - detour avoids combat and still reaches delivery
      ---
      duration_ms: 2.009458
      type: 'test'
      ...
    # Subtest: conflict warns, allows guard and escape without money reward
    ok 15 - conflict warns, allows guard and escape without money reward
      ---
      duration_ms: 2.468666
      type: 'test'
      ...
    # Subtest: all rail legs return to original bicycle and paid tickets never fined
    ok 16 - all rail legs return to original bicycle and paid tickets never fined
      ---
      duration_ms: 19.441125
      type: 'test'
      ...
    # Subtest: unpaid ticket has one settlement, credit return is a lawful alternative
    ok 17 - unpaid ticket has one settlement, credit return is a lawful alternative
      ---
      duration_ms: 5.349584
      type: 'test'
      ...
    # Subtest: carriage decision pauses travel and help requires actual proximity
    ok 18 - carriage decision pauses travel and help requires actual proximity
      ---
      duration_ms: 2.058291
      type: 'test'
      ...
    # Subtest: abandon before departure is recoverable and grants no reward
    ok 19 - abandon before departure is recoverable and grants no reward
      ---
      duration_ms: 0.146667
      type: 'test'
      ...
    # Subtest: invalid time and direction do not mutate state
    ok 20 - invalid time and direction do not mutate state
      ---
      duration_ms: 0.079
      type: 'test'
      ...
    1..20
ok 177 - journey rules
  ---
  duration_ms: 138.774625
  type: 'test'
  ...
# Subtest: daytime scouting is free, repeatable without duplication, and only works before closing
ok 178 - daytime scouting is free, repeatable without duplication, and only works before closing
  ---
  duration_ms: 4.790875
  type: 'test'
  ...
# Subtest: known clues enter the actual expedition, survive a save, then reset for the next day
ok 179 - known clues enter the actual expedition, survive a save, then reset for the next day
  ---
  duration_ms: 3.94175
  type: 'test'
  ...
# Subtest: opening the real unloading door records a lasting shortcut and morning consequence
ok 180 - opening the real unloading door records a lasting shortcut and morning consequence
  ---
  duration_ms: 2.0755
  type: 'test'
  ...
# Subtest: legacy city life migrates without losing flowers, money, or night discoveries
ok 181 - legacy city life migrates without losing flowers, money, or night discoveries
  ---
  duration_ms: 0.619792
  type: 'test'
  ...
# Subtest: v4 retains three real market spaces, world loot, and a context snapshot
ok 182 - v4 retains three real market spaces, world loot, and a context snapshot
  ---
  duration_ms: 1.012458
  type: 'test'
  ...
# Subtest: both market aisles are physically walkable to the cold stock in every street situation
ok 183 - both market aisles are physically walkable to the cold stock in every street situation
  ---
  duration_ms: 20.83725
  type: 'test'
  ...
# Subtest: unloading shortcut needs a nearby interaction and stays open on later runs
ok 184 - unloading shortcut needs a nearby interaction and stays open on later runs
  ---
  duration_ms: 1.149625
  type: 'test'
  ...
# Subtest: music actually masks guard perception but never protects someone standing beside him
ok 185 - music actually masks guard perception but never protects someone standing beside him
  ---
  duration_ms: 0.309958
  type: 'test'
  ...
# Subtest: bottle sounds obey the same music zone and audible proximity rule
ok 186 - bottle sounds obey the same music zone and audible proximity rule
  ---
  duration_ms: 0.588959
  type: 'test'
  ...
# Subtest: moving crowds stay outside walls and barrels across cycles and situations
ok 187 - moving crowds stay outside walls and barrels across cycles and situations
  ---
  duration_ms: 39.211
  type: 'test'
  ...
# Subtest: market choices walk into stock, cold room and shortcut without fake rewards
ok 188 - market choices walk into stock, cold room and shortcut without fake rewards
  ---
  duration_ms: 110.029292
  type: 'test'
  ...
# Subtest: choices freeze every field while explicitly waiting advances the real simulation and restores midwait
ok 189 - choices freeze every field while explicitly waiting advances the real simulation and restores midwait
  ---
  duration_ms: 44.720125
  type: 'test'
  ...
# Subtest: all club strategies survive every situation and kit and save halfway through travel
ok 190 - all club strategies survive every situation and kit and save halfway through travel
  ---
  duration_ms: 1807.507625
  type: 'test'
  ...
# Subtest: v1 and v2 keep original geometry and loot while the next run enables new interiors
ok 191 - v1 and v2 keep original geometry and loot while the next run enables new interiors
  ---
  duration_ms: 0.648
  type: 'test'
  ...
# Subtest: location state roundtrips and malformed fields reject instead of gaining discoveries
ok 192 - location state roundtrips and malformed fields reject instead of gaining discoveries
  ---
  duration_ms: 0.46125
  type: 'test'
  ...
# Subtest: legacy automatic saves reject new location-only goals and v3 requires its location data
ok 193 - legacy automatic saves reject new location-only goals and v3 requires its location data
  ---
  duration_ms: 0.227167
  type: 'test'
  ...
# Subtest: a complete market detour still permits hooked parcel pickup beside a street barrel, before and after refresh
ok 194 - a complete market detour still permits hooked parcel pickup beside a street barrel, before and after refresh
  ---
  duration_ms: 144.979875
  type: 'test'
  ...
# Subtest: new parcel interaction reach cannot collect through a market wall
ok 195 - new parcel interaction reach cannot collect through a market wall
  ---
  duration_ms: 0.158042
  type: 'test'
  ...
# Subtest: new after-hours runs opt into marketShift; seed42 gives staffed/restock/blackout
ok 196 - new after-hours runs opt into marketShift; seed42 gives staffed/restock/blackout
  ---
  duration_ms: 13.181125
  type: 'test'
  ...
# Subtest: R.marketInfo exposes the stable contract reflecting real state
ok 197 - R.marketInfo exposes the stable contract reflecting real state
  ---
  duration_ms: 0.266125
  type: 'test'
  ...
# Subtest: complete automatic trade route really delivers the barrel and extracts
ok 198 - complete automatic trade route really delivers the barrel and extracts
  ---
  duration_ms: 13.764459
  type: 'test'
  ...
# Subtest: complete manual salvage route really takes shelf stock
ok 199 - complete manual salvage route really takes shelf stock
  ---
  duration_ms: 4.54775
  type: 'test'
  ...
# Subtest: two economic choices diverge: trade receipt errand vs salvage next-day price
ok 200 - two economic choices diverge: trade receipt errand vs salvage next-day price
  ---
  duration_ms: 14.484084
  type: 'test'
  ...
# Subtest: route chosen but not completed is recorded without entitlement
ok 201 - route chosen but not completed is recorded without entitlement
  ---
  duration_ms: 1.597375
  type: 'test'
  ...
# Subtest: delivered barrel with rescue or bail gives no claim
ok 202 - delivered barrel with rescue or bail gives no claim
  ---
  duration_ms: 103.210834
  type: 'test'
  ...
# Subtest: stockTaken raises price to 10 even after rescue; route choice alone does not
ok 203 - stockTaken raises price to 10 even after rescue; route choice alone does not
  ---
  duration_ms: 61.310375
  type: 'test'
  ...
# Subtest: raised price expires after exactly one day
ok 204 - raised price expires after exactly one day
  ---
  duration_ms: 2.904083
  type: 'test'
  ...
# Subtest: affordability uses the dynamic price and truthful labels at 8 and 10
ok 205 - affordability uses the dynamic price and truthful labels at 8 and 10
  ---
  duration_ms: 2.878958
  type: 'test'
  ...
# Subtest: unclaimed receipt expires after the next day and can never be claimed
ok 206 - unclaimed receipt expires after the next day and can never be claimed
  ---
  duration_ms: 6.654375
  type: 'test'
  ...
# Subtest: marketErrand with zero actions preserves every resource
ok 207 - marketErrand with zero actions preserves every resource
  ---
  duration_ms: 5.934209
  type: 'test'
  ...
# Subtest: hops at cap still grants 3 cups with a truthful full-cap message; batch cap rejects
ok 208 - hops at cap still grants 3 cups with a truthful full-cap message; batch cap rejects
  ---
  duration_ms: 5.934375
  type: 'test'
  ...
# Subtest: day3 records a final event: no claim, honest warning, no phantom day4
ok 209 - day3 records a final event: no claim, honest warning, no phantom day4
  ---
  duration_ms: 10.4205
  type: 'test'
  ...
# Subtest: blackout salvage with power repair records powerRestored only on that condition
ok 210 - blackout salvage with power repair records powerRestored only on that condition
  ---
  duration_ms: 18.438917
  type: 'test'
  ...
# Subtest: strict malformed market histories are rejected
ok 211 - strict malformed market histories are rejected
  ---
  duration_ms: 7.93925
  type: 'test'
  ...
# Subtest: missing market migrates; old in-progress legacy runs stay exactly legacy
ok 212 - missing market migrates; old in-progress legacy runs stay exactly legacy
  ---
  duration_ms: 0.744
  type: 'test'
  ...
# Subtest: automatic market choices show readable copy with no internal labels
ok 213 - automatic market choices show readable copy with no internal labels
  ---
  duration_ms: 6.006375
  type: 'test'
  ...
# Subtest: real UI renders the market panel and a claim click produces resources via R.act
ok 214 - real UI renders the market panel and a claim click produces resources via R.act
  ---
  duration_ms: 931.887125
  type: 'test'
  ...
# Subtest: free market scout reports the real shift label and clue on all three nights, still free with dedup
ok 215 - free market scout reports the real shift label and clue on all three nights, still free with dedup
  ---
  duration_ms: 2.660166
  type: 'test'
  ...
# Subtest: marketInfo eligibility matches the real errand guards: 32-batch cap, duplicate batch id, 15-hop outcome
ok 216 - marketInfo eligibility matches the real errand guards: 32-batch cap, duplicate batch id, 15-hop outcome
  ---
  duration_ms: 6.683208
  type: 'test'
  ...
# Subtest: market controls enable/disable while walking in and out of range without clearing ui.signature
ok 217 - market controls enable/disable while walking in and out of range without clearing ui.signature
  ---
  duration_ms: 5.3735
  type: 'test'
  ...
# Subtest: paused runs keep every market control frozen and perform changes nothing, even at the points
ok 218 - paused runs keep every market control frozen and perform changes nothing, even at the points
  ---
  duration_ms: 1.056375
  type: 'test'
  ...
# Subtest: old runs without marketShift keep the previous manual board and no market controls
ok 219 - old runs without marketShift keep the previous manual board and no market controls
  ---
  duration_ms: 0.440167
  type: 'test'
  ...
# Subtest: the four new automatic goals render readable Chinese titles with no undefined
ok 220 - the four new automatic goals render readable Chinese titles with no undefined
  ---
  duration_ms: 0.285292
  type: 'test'
  ...
# Subtest: the automatic board never double-places manual market buttons
ok 221 - the automatic board never double-places manual market buttons
  ---
  duration_ms: 8.175708
  type: 'test'
  ...
# Subtest: receipt after a bailed delivery does not grant the safe voucher
ok 222 - receipt after a bailed delivery does not grant the safe voucher
  ---
  duration_ms: 0.695125
  type: 'test'
  ...
# Subtest: actual walking flips the blackout power reason while canPower stays false the whole time
ok 223 - actual walking flips the blackout power reason while canPower stays false the whole time
  ---
  duration_ms: 0.639375
  type: 'test'
  ...
# Subtest: actual walking flips the delivery reason far-away to no-barrel while the control stays disabled
ok 224 - actual walking flips the delivery reason far-away to no-barrel while the control stays disabled
  ---
  duration_ms: 1.734042
  type: 'test'
  ...
# Subtest: market panel prose uses stock-accounting language with no item or stage labels
ok 225 - market panel prose uses stock-accounting language with no item or stage labels
  ---
  duration_ms: 0.855042
  type: 'test'
  ...
# Subtest: safe first and second night receipts are honest next-day records with no claim button
ok 226 - safe first and second night receipts are honest next-day records with no claim button
  ---
  duration_ms: 0.986
  type: 'test'
  ...
# Subtest: third night receipt honestly says there is no next day to cash it in
ok 227 - third night receipt honestly says there is no next day to cash it in
  ---
  duration_ms: 0.432125
  type: 'test'
  ...
# Subtest: bailed delivery and undelivered trade produce no entitlement, only an honest record
ok 228 - bailed delivery and undelivered trade produce no entitlement, only an honest record
  ---
  duration_ms: 0.713042
  type: 'test'
  ...
# Subtest: marketShift is strict opt-in: old create calls keep the old night run
ok 229 - marketShift is strict opt-in: old create calls keep the old night run
  ---
  duration_ms: 1.9515
  type: 'test'
  ...
# Subtest: the same seed/day reproduces the shift and three nights cover all conditions
ok 230 - the same seed/day reproduces the shift and three nights cover all conditions
  ---
  duration_ms: 0.477041
  type: 'test'
  ...
# Subtest: marketInfo exposes labels, copy, points, facts and operation availability
ok 231 - marketInfo exposes labels, copy, points, facts and operation availability
  ---
  duration_ms: 0.126583
  type: 'test'
  ...
# Subtest: choosing a route needs a physical approach to the counter; remote commands are rejected
ok 232 - choosing a route needs a physical approach to the counter; remote commands are rejected
  ---
  duration_ms: 0.366208
  type: 'test'
  ...
# Subtest: salvage choice at the counter locks the single route; trade can never follow
ok 233 - salvage choice at the counter locks the single route; trade can never follow
  ---
  duration_ms: 0.090875
  type: 'test'
  ...
# Subtest: picking up item0/item1 without a choice is implicitly the salvage route
ok 234 - picking up item0/item1 without a choice is implicitly the salvage route
  ---
  duration_ms: 3.557083
  type: 'test'
  ...
# Subtest: trade route physically blocks shelf and cold goods, which stay in the world
ok 235 - trade route physically blocks shelf and cold goods, which stay in the world
  ---
  duration_ms: 4.179209
  type: 'test'
  ...
# Subtest: delivered barrel is consumed once at the counter and never becomes four cups
ok 236 - delivered barrel is consumed once at the counter and never becomes four cups
  ---
  duration_ms: 0.23275
  type: 'test'
  ...
# Subtest: a delivered barrel yields no receipt fact after bailout or rescue
ok 237 - a delivered barrel yields no receipt fact after bailout or rescue
  ---
  duration_ms: 0.265917
  type: 'test'
  ...
# Subtest: staffed nights make cleaners actually see farther, other shifts do not
ok 238 - staffed nights make cleaners actually see farther, other shifts do not
  ---
  duration_ms: 0.587542
  type: 'test'
  ...
# Subtest: restock nights keep the boosted rolling barrel out of the proximity auto-stow
ok 239 - restock nights keep the boosted rolling barrel out of the proximity auto-stow
  ---
  duration_ms: 0.205042
  type: 'test'
  ...
# Subtest: blackout locks the cold stock until a real part is consumed at the fuse
ok 240 - blackout locks the cold stock until a real part is consumed at the fuse
  ---
  duration_ms: 3.211542
  type: 'test'
  ...
# Subtest: fuse repair consumes exactly one salvage and never swallows unrelated items
ok 241 - fuse repair consumes exactly one salvage and never swallows unrelated items
  ---
  duration_ms: 0.177166
  type: 'test'
  ...
# Subtest: automatic trade route completes with real steps in all three conditions
ok 242 - automatic trade route completes with real steps in all three conditions
  ---
  duration_ms: 83.3225
  type: 'test'
  ...
# Subtest: automatic salvage route in a blackout fetches a part, restores power and takes cold stock
ok 243 - automatic salvage route in a blackout fetches a part, restores power and takes cold stock
  ---
  duration_ms: 58.650833
  type: 'test'
  ...
# Subtest: automatic salvage route on a staffed night takes shelf stock and extracts
ok 244 - automatic salvage route on a staffed night takes shelf stock and extracts
  ---
  duration_ms: 25.469125
  type: 'test'
  ...
# Subtest: reading an automatic choice pauses the whole city
ok 245 - reading an automatic choice pauses the whole city
  ---
  duration_ms: 0.296917
  type: 'test'
  ...
# Subtest: marketShift state roundtrips at every stage; tampered saves are rejected
ok 246 - marketShift state roundtrips at every stage; tampered saves are rejected
  ---
  duration_ms: 2.110916
  type: 'test'
  ...
# Subtest: legacy runs and old versions never gain a marketShift through restore
ok 247 - legacy runs and old versions never gain a marketShift through restore
  ---
  duration_ms: 0.154
  type: 'test'
  ...
# Subtest: UI renders real manual market controls and failure reasons; scene draws markers
ok 248 - UI renders real manual market controls and failure reasons; scene draws markers
  ---
  duration_ms: 8.173667
  type: 'test'
  ...
# Subtest: three nights rotate real, deterministic street situations
ok 249 - three nights rotate real, deterministic street situations
  ---
  duration_ms: 1.983667
  type: 'test'
  ...
# Subtest: limited decoys draw a patrol to the sound instead of the player
ok 250 - limited decoys draw a patrol to the sound instead of the player
  ---
  duration_ms: 13.892083
  type: 'test'
  ...
# Subtest: a bottle lands before a shelf rather than creating sound behind the wall
ok 251 - a bottle lands before a shelf rather than creating sound behind the wall
  ---
  duration_ms: 0.27275
  type: 'test'
  ...
# Subtest: dragging moves a nearby physical barrel, then leaves it where released
ok 252 - dragging moves a nearby physical barrel, then leaves it where released
  ---
  duration_ms: 1.513083
  type: 'test'
  ...
# Subtest: a barrel blocks a charging machine in actual movement
ok 253 - a barrel blocks a charging machine in actual movement
  ---
  duration_ms: 2.582042
  type: 'test'
  ...
# Subtest: new street state roundtrips and malformed interactions reject
ok 254 - new street state roundtrips and malformed interactions reject
  ---
  duration_ms: 1.146958
  type: 'test'
  ...
# Subtest: legacy expeditions keep geometry, inventory and position through nested restore
ok 255 - legacy expeditions keep geometry, inventory and position through nested restore
  ---
  duration_ms: 2.770708
  type: 'test'
  ...
# Subtest: automatic lure is a physical strategy in every street situation
ok 256 - automatic lure is a physical strategy in every street situation
  ---
  duration_ms: 196.423459
  type: 'test'
  ...
# Subtest: automatic barrel is a physical strategy in every street situation
ok 257 - automatic barrel is a physical strategy in every street situation
  ---
  duration_ms: 120.624083
  type: 'test'
  ...
# Subtest: decoy and dragging state freeze at choices and unavailable equipment is not offered
ok 258 - decoy and dragging state freeze at choices and unavailable equipment is not offered
  ---
  duration_ms: 16.168916
  type: 'test'
  ...
# Subtest: new props restore only in walkable geometry, including tether line of sight
ok 259 - new props restore only in walkable geometry, including tether line of sight
  ---
  duration_ms: 0.396166
  type: 'test'
  ...
# Subtest: street layouts start with the player and threatening actors outside solid geometry
ok 260 - street layouts start with the player and threatening actors outside solid geometry
  ---
  duration_ms: 0.100792
  type: 'test'
  ...
# Subtest: changing kits and seeds keeps the night routes and extraction reachable
ok 261 - changing kits and seeds keeps the night routes and extraction reachable
  ---
  duration_ms: 1539.13225
  type: 'test'
  ...
# Subtest: dragging around a worksite never clips the barrel through a corner
ok 262 - dragging around a worksite never clips the barrel through a corner
  ---
  duration_ms: 4.839125
  type: 'test'
  ...
# Subtest: being knocked around a corner releases the tether and keeps the save recoverable
ok 263 - being knocked around a corner releases the tether and keeps the save recoverable
  ---
  duration_ms: 0.218584
  type: 'test'
  ...
# 410 passed, 0 failed
# Subtest: tools/prototype/test-phase-e.js
ok 29 - tools/prototype/test-phase-e.js
  ---
  duration_ms: 70.441334
  type: 'test'
  ...
# ✓ CommonJS and browser expose the same public contract
# ✓ new game starts with bounded resources and deterministic fresh state
# ✓ phase gates and invalid inputs cannot change resources or time
# ✓ preparation is finite and each non-brewing activity is once per day
# ✓ brewing pays once, requires three valid hits, and retains batch quality
# ✓ salvaged hops improve the next completed batch and cancellation forfeits its cost
# ✓ surf spends one finite daily action and creates a deterministic three-lane salvage route
# ✓ boat movement clamps to canal lanes and hooks only catch once inside the floating window
# ✓ salvage bottles become actual two-cup quality-one batches and junk costs at most €2
# ✓ salvage misses expire, three useful catches auto-dock, and a full thirty seconds always ends
# ✓ forage saves validate lanes, item states, haul, duration, and phase consistency
# ✓ three days of bottle salvage preserve valid batch bounds and finite resources
# ✓ seeded arrivals start with Marta and place Lotte late in the night
# ✓ later nights include a simultaneous pair so the second tap has a real use
# ✓ guest budgets include both price-sensitive and premium customers across seeds
# ✓ ordinary fractional ticks remain valid through a complete unattended night
# ✓ one deterministic nightly dilemma freezes service and time until a valid choice
# ✓ a dilemma freezes an already-reserved pour and consumes only remaining stock
# ✓ landlord comp consumes a real cup and reduces rent; refusal adds a service fee
# ✓ influencer samples consume exactly two cups and change only the next three future budgets
# ✓ inspector paperwork buys patience while tasting honestly increases the nightly rent
# ✓ nightly event saves reject wrong event identities, choices, and rent adjustments
# ✓ pour reserves exactly one cup, keeps batch quality, and rejects duplicate or invalid prices
# ✓ wrong beer, unaffordable prices, and early pours do not satisfy customers
# ✓ tick validates its bound, expires customers, and spills overfilled pours without refunds
# ✓ water is a free fallback and closing settles unresolved customers once with rent
# ✓ closing during a pour consumes its cup and sold-out stock cannot be reserved
# ✓ a promised stout rewards Lotte and gives music next night; skipping her breaks the promise
# ✓ all upgrades apply a real tradeoff while moving to the next preparation day
# ✓ double tap has two independent reservations and stage reduces seating to two
# ✓ cellar bonus is paid on aged stock and newly brewed stock stays fresh
# ✓ three-day seeded play reaches success with earned cash and satisfied regulars
# ✓ three-day failure has a real ending, resets daily flags, and cannot farm upgrades
# ✓ restore clones normal snapshots and rejects malformed, infinite, or polluted data
# ✓ restoring rejects forged cumulative scores and contradictory completed reports
# ✓ sparse arrays and hidden array properties cannot enter a restored game
# ✓ market crate trades one action and €8 for exactly two ales and one stout once a day
# ✓ lab supplies two stored hops for €6 once a day without bypassing preparation
# ✓ three days of lab and salvage can retain fifteen hops and remain restorable
# ✓ three days of market plus sealed bottles fit valid batch bounds
# 40 reopening behavioral tests passed.
# Subtest: tools/prototype/test-reopening.js
ok 30 - tools/prototype/test-reopening.js
  ---
  duration_ms: 2053.633
  type: 'test'
  ...
1..265
# tests 334
# suites 0
# pass 334
# fail 0
# cancelled 0
# skipped 0
# todo 0
# duration_ms 41336.416291
