TAP version 13
# Subtest: marketShift is strict opt-in: old create calls keep the old night run
ok 1 - marketShift is strict opt-in: old create calls keep the old night run
  ---
  duration_ms: 2.128959
  type: 'test'
  ...
# Subtest: the same seed/day reproduces the shift and three nights cover all conditions
ok 2 - the same seed/day reproduces the shift and three nights cover all conditions
  ---
  duration_ms: 0.521833
  type: 'test'
  ...
# Subtest: marketInfo exposes labels, copy, points, facts and operation availability
ok 3 - marketInfo exposes labels, copy, points, facts and operation availability
  ---
  duration_ms: 0.151708
  type: 'test'
  ...
# Subtest: choosing a route needs a physical approach to the counter; remote commands are rejected
ok 4 - choosing a route needs a physical approach to the counter; remote commands are rejected
  ---
  duration_ms: 0.400792
  type: 'test'
  ...
# Subtest: salvage choice at the counter locks the single route; trade can never follow
ok 5 - salvage choice at the counter locks the single route; trade can never follow
  ---
  duration_ms: 0.101042
  type: 'test'
  ...
# Subtest: picking up item0/item1 without a choice is implicitly the salvage route
ok 6 - picking up item0/item1 without a choice is implicitly the salvage route
  ---
  duration_ms: 3.935834
  type: 'test'
  ...
# Subtest: trade route physically blocks shelf and cold goods, which stay in the world
ok 7 - trade route physically blocks shelf and cold goods, which stay in the world
  ---
  duration_ms: 4.294708
  type: 'test'
  ...
# Subtest: delivered barrel is consumed once at the counter and never becomes four cups
ok 8 - delivered barrel is consumed once at the counter and never becomes four cups
  ---
  duration_ms: 0.233125
  type: 'test'
  ...
# Subtest: a delivered barrel yields no receipt fact after bailout or rescue
ok 9 - a delivered barrel yields no receipt fact after bailout or rescue
  ---
  duration_ms: 0.24625
  type: 'test'
  ...
# Subtest: staffed nights make cleaners actually see farther, other shifts do not
ok 10 - staffed nights make cleaners actually see farther, other shifts do not
  ---
  duration_ms: 0.649
  type: 'test'
  ...
# Subtest: restock nights keep the boosted rolling barrel out of the proximity auto-stow
ok 11 - restock nights keep the boosted rolling barrel out of the proximity auto-stow
  ---
  duration_ms: 0.27025
  type: 'test'
  ...
# Subtest: blackout locks the cold stock until a real part is consumed at the fuse
ok 12 - blackout locks the cold stock until a real part is consumed at the fuse
  ---
  duration_ms: 3.439083
  type: 'test'
  ...
# Subtest: fuse repair consumes exactly one salvage and never swallows unrelated items
ok 13 - fuse repair consumes exactly one salvage and never swallows unrelated items
  ---
  duration_ms: 0.103958
  type: 'test'
  ...
# Subtest: automatic trade route completes with real steps in all three conditions
ok 14 - automatic trade route completes with real steps in all three conditions
  ---
  duration_ms: 88.24675
  type: 'test'
  ...
# Subtest: automatic salvage route in a blackout fetches a part, restores power and takes cold stock
ok 15 - automatic salvage route in a blackout fetches a part, restores power and takes cold stock
  ---
  duration_ms: 60.874875
  type: 'test'
  ...
# Subtest: automatic salvage route on a staffed night takes shelf stock and extracts
ok 16 - automatic salvage route on a staffed night takes shelf stock and extracts
  ---
  duration_ms: 22.465167
  type: 'test'
  ...
# Subtest: reading an automatic choice pauses the whole city
ok 17 - reading an automatic choice pauses the whole city
  ---
  duration_ms: 0.421041
  type: 'test'
  ...
# Subtest: marketShift state roundtrips at every stage; tampered saves are rejected
ok 18 - marketShift state roundtrips at every stage; tampered saves are rejected
  ---
  duration_ms: 2.399458
  type: 'test'
  ...
# Subtest: legacy runs and old versions never gain a marketShift through restore
ok 19 - legacy runs and old versions never gain a marketShift through restore
  ---
  duration_ms: 0.167542
  type: 'test'
  ...
# Subtest: UI renders real manual market controls and failure reasons; scene draws markers
not ok 20 - UI renders real manual market controls and failure reasons; scene draws markers
  ---
  duration_ms: 2.568375
  type: 'test'
  location: '/private<STAGE>/tools/prototype/test-market-shift.js:318:1'
  failureType: 'testCodeFailure'
  error: |-
    The input did not match the regular expression /data-verb="market-salvage"/. Input:

    '<p class="board-eyebrow">CITY BACKSTAGE / 第 1 趟</p><h2>跟着灯走。<br>留条路回来。</h2><p class="board-copy">长钩绳 · 普通货物靠近装包。<br>点向目标下钩，闪避和泡沫可以救场。</p><div class="exp-location"><strong>超市内部 / 货架 · 冷库 · 卸货口</strong><p>货架北面通冷库，东边卸货门可以从里面打开。</p><span id="exp-music-state">夜店 · · 静音，空瓶更容易被听见 · 6s 后切换</span></div><div class="exp-situation"><strong>夜间补货</strong><p>货堆堵住近路；从南侧绕行，空桶可以挡住清洁车。</p><span id="exp-street-tools">空瓶 3 / 3 · 青环空桶可拖动</span></div><div class="exp-objectives"><div class=""><span>◇</span><div><strong>一箱“进口酵母”</strong><p>夜店的冷藏箱还在那里。占 3 格，靠近按 E。</p></div></div><div class=""><span>♧</span><div><strong>红灯街的 Noor</strong><p>西北运河边，她刚下夜班。带箱子过去，或先问问她。</p></div></div><div class=""><span>✧</span><div><strong>玻璃后面，有人在生活</strong><p>东北的温室亮着灯。拉开外面的维护拉杆，找路进去。</p></div></div></div><div class="exp-bag"><div class="exp-bag-title"><strong>背包</strong><span>Q 扔下最后一件</span></div><p>先拿附近的封口瓶试试手。<br>价值更高的东西，不一定更好带。</p></div><p class="exp-feed" role="status">去东边的夜店找冷藏箱。也可以先逛逛，回店口一直在身后。</p><button class="text-button" data-action="exp-command" data-verb="cargo" disabled>整理背包 · 选择放下什么</button><div class="exp-board-actions"><button class="secondary" data-action="exp-command" data-verb="map">看看全图 · M</button><button class="text-button" data-action="exp-command" data-verb="bail">放下背包，轻装撤回</button></div>'

  code: 'ERR_ASSERTION'
  name: 'AssertionError'
  expected:
  actual: '<p class="board-eyebrow">CITY BACKSTAGE / 第 1 趟</p><h2>跟着灯走。<br>留条路回来。</h2><p class="board-copy">长钩绳 · 普通货物靠近装包。<br>点向目标下钩，闪避和泡沫可以救场。</p><div class="exp-location"><strong>超市内部 / 货架 · 冷库 · 卸货口</strong><p>货架北面通冷库，东边卸货门可以从里面打开。</p><span id="exp-music-state">夜店 · · 静音，空瓶更容易被听见 · 6s 后切换</span></div><div class="exp-situation"><strong>夜间补货</strong><p>货堆堵住近路；从南侧绕行，空桶可以挡住清洁车。</p><span id="exp-street-tools">空瓶 3 / 3 · 青环空桶可拖动</span></div><div class="exp-objectives"><div class=""><span>◇</span><div><strong>一箱“进口酵母”</strong><p>夜店的冷藏箱还在那里。占 3 格，靠近按 E。</p></div></div><div class=""><span>♧</span><div><strong>红灯街的 Noor</strong><p>西北运河边，她刚下夜班。带箱子过去，或先问问她。</p></div></div><div class=""><span>✧</span><div><strong>玻璃后面，有人在生活</strong><p>东北的温室亮着灯。拉开外面的维护拉杆，找路进去。</p></div></div></div><div class="exp-bag"><div class="exp-bag-title"><strong>背包</strong><span>Q 扔下最后一件</span></div><p>先拿附近的封口瓶试试手。<br>价值更高的东西，不一定更好带。</p></div><p class="exp-feed" role="status">去东边的夜店找冷藏箱。也可以先逛逛，回店口一直在身后。</p><button class="text-button" data-action="exp-command" data-verb="cargo" disabled>整理背包 · 选择放下什么</button><div class="exp-board-actions"><button class="secondary" data-action="exp-command" data-verb="map">看看全图 · M</button><button class="text-button" data-action="exp-command" data-verb="bail">放下背包，轻装撤回</button></div>'
  operator: 'match'
  stack: |-
    TestContext.<anonymous> (/private<STAGE>/tools/prototype/test-market-shift.js:342:10)
    Test.runInAsyncScope (node:async_hooks:214:14)
    Test.run (node:internal/test_runner/test:1047:25)
    Test.processPendingSubtests (node:internal/test_runner/test:744:18)
    Test.postRun (node:internal/test_runner/test:1173:19)
    Test.run (node:internal/test_runner/test:1101:12)
    async Test.processPendingSubtests (node:internal/test_runner/test:744:7)
  ...
1..20
# tests 20
# suites 0
# pass 19
# fail 1
# cancelled 0
# skipped 0
# todo 0
# duration_ms 270.235958
